SQL> 
SQL> --------------------------------------------------------------------------------
SQL> -- Connect
SQL> -- connect lics_app/password@db1270p
SQL> 
SQL> --------------------------------------------------------------------------------
SQL> -- Setup LICS Settings
SQL> 
SQL> -- CREATE
SQL> insert into lics_setting (set_group,set_code,set_value) values ('QU3_WRIGLEY_NZ','EMAIL:DEFAULT','group_anz_venus_production_notification@effem.com');

1 row created.

SQL> commit;

Commit complete.

SQL> 
SQL> -- UPDATE (where already CREATED)
SQL> update lics_setting
  2  set set_value ='group_anz_venus_production_notification@effem.com'
  3  where set_group = 'QU3_WRIGLEY_NZ'
  4  and set_code ='EMAIL:DEFAULT';

1 row updated.

SQL> 
SQL> commit;

Commit complete.

SQL> 
SQL> --------------------------------------------------------------------------------
SQL> -- Setup LICS Jobs
SQL> 
SQL> -- CREATE
SQL> insert into lics_job (job_job,job_description,job_res_group,job_exe_history,job_opr_alert,job_ema_group,job_type,job_int_group,job_procedure,job_next,job_interval,job_status) values ('IB_QU3_01','Quofore - Wrigley New Zealand - Inbound - 01',null,20,null,'group_anz_venus_production_notification@effem.com','*INBOUND','IB_QU3#01',null,'sysdate',null,'1');
insert into lics_job (job_job,job_description,job_res_group,job_exe_history,job_opr_alert,job_ema_group,job_type,job_int_group,job_procedure,job_next,job_interval,job_status) values ('IB_QU3_01','Quofore - Wrigley New Zealand - Inbound - 01',null,20,null,'group_anz_venus_production_notification@effem.com','*INBOUND','IB_QU3#01',null,'sysdate',null,'1')
*
ERROR at line 1:
ORA-00001: unique constraint (LICS.LICS_JOB_PK) violated 


SQL> insert into lics_job (job_job,job_description,job_res_group,job_exe_history,job_opr_alert,job_ema_group,job_type,job_int_group,job_procedure,job_next,job_interval,job_status) values ('FILE_QU3_01','Quofore - Wrigley New Zealand - File Processor - 01',null,20,null,'group_anz_venus_production_notification@effem.com','*FILE','FP_QU3#01',null,'sysdate',null,'1');
insert into lics_job (job_job,job_description,job_res_group,job_exe_history,job_opr_alert,job_ema_group,job_type,job_int_group,job_procedure,job_next,job_interval,job_status) values ('FILE_QU3_01','Quofore - Wrigley New Zealand - File Processor - 01',null,20,null,'group_anz_venus_production_notification@effem.com','*FILE','FP_QU3#01',null,'sysdate',null,'1')
*
ERROR at line 1:
ORA-00001: unique constraint (LICS.LICS_JOB_PK) violated 


SQL> insert into lics_job (job_job,job_description,job_res_group,job_exe_history,job_opr_alert,job_ema_group,job_type,job_int_group,job_procedure,job_next,job_interval,job_status) values ('QU3_PROCESS_BATCH','Quofore - Wrigley New Zealand - Process Batch - Every 15 Minutes',null,20,null,'group_anz_venus_production_notification@effem.com','*PROCEDURE',null,'ods_app.qu3_batch.process_batches','sysdate','sysdate+1/96','1');
insert into lics_job (job_job,job_description,job_res_group,job_exe_history,job_opr_alert,job_ema_group,job_type,job_int_group,job_procedure,job_next,job_interval,job_status) values ('QU3_PROCESS_BATCH','Quofore - Wrigley New Zealand - Process Batch - Every 15 Minutes',null,20,null,'group_anz_venus_production_notification@effem.com','*PROCEDURE',null,'ods_app.qu3_batch.process_batches','sysdate','sysdate+1/96','1')
*
ERROR at line 1:
ORA-00001: unique constraint (LICS.LICS_JOB_PK) violated 


SQL> insert into lics_job (job_job,job_description,job_res_group,job_exe_history,job_opr_alert,job_ema_group,job_type,job_int_group,job_procedure,job_next,job_interval,job_status) values ('QU3_CHECK_BATCH','Quofore - Wrigley New Zealand - Check Batches - Daily 07:00',null,20,null,'group_anz_venus_production_notification@effem.com','*PROCEDURE',null,'ods_app.qu3_batch.check_batches','lics_time.schedule_next(''*ALL'',7)','lics_time.schedule_next(''*ALL'',7)','1');
insert into lics_job (job_job,job_description,job_res_group,job_exe_history,job_opr_alert,job_ema_group,job_type,job_int_group,job_procedure,job_next,job_interval,job_status) values ('QU3_CHECK_BATCH','Quofore - Wrigley New Zealand - Check Batches - Daily 07:00',null,20,null,'group_anz_venus_production_notification@effem.com','*PROCEDURE',null,'ods_app.qu3_batch.check_batches','lics_time.schedule_next(''*ALL'',7)','lics_time.schedule_next(''*ALL'',7)','1')
*
ERROR at line 1:
ORA-00001: unique constraint (LICS.LICS_JOB_PK) violated 


SQL> 
SQL> commit;

Commit complete.

SQL> 
SQL> -- UPDATE (where already CREATED)
SQL> 
SQL> -- deactivate existing
SQL> update lics_job
  2  set job_status = '0'
  3  where job_job like 'QU3%'
  4  or job_job like '%QU3_01';

4 rows updated.

SQL> 
SQL> -- updates
SQL> update lics_job
  2  set
  3    job_description = 'Quofore - Wrigley New Zealand - Inbound - 01',
  4    job_res_group = null, job_exe_history = 20, job_opr_alert = null,
  5    job_ema_group = 'group_anz_venus_production_notification@effem.com',
  6    job_type = '*INBOUND',
  7    job_int_group = 'IB_QU3#01',
  8    job_procedure = null,
  9    job_next = 'sysdate', job_interval = null,
 10    job_status = '1'
 11  where job_job = 'IB_QU3_01';

1 row updated.

SQL> 
SQL> update lics_job
  2  set
  3    job_description = 'Quofore - Wrigley New Zealand - File Processor - 01',
  4    job_res_group = null,
  5    job_exe_history = 20,
  6    job_opr_alert = null,
  7    job_ema_group = 'group_anz_venus_production_notification@effem.com',
  8    job_type = '*FILE',
  9    job_int_group = 'FP_QU3#01',
 10    job_procedure = null,
 11    job_next = 'sysdate',
 12    job_interval = null,
 13    job_status = '1'
 14  where job_job = 'FILE_QU3_01';

1 row updated.

SQL> 
SQL> update lics_job
  2  set
  3    job_description = 'Quofore - Wrigley New Zealand - Process Batch - Every 15 Minutes',
  4    job_res_group = null,
  5    job_exe_history = 20,
  6    job_opr_alert = null,
  7    job_ema_group = 'group_anz_venus_production_notification@effem.com',
  8    job_type = '*PROCEDURE',
  9    job_int_group = null,
 10    job_procedure = 'ods_app.qu3_batch.process_batches',
 11    job_next = 'sysdate',
 12    job_interval = 'sysdate+1/96',
 13    job_status = '1'
 14  where job_job = 'QU3_PROCESS_BATCH';

1 row updated.

SQL> 
SQL> update lics_job
  2  set
  3    job_description = 'Quofore - Wrigley New Zealand - Check Batches - Daily 07:00',
  4    job_res_group = null,
  5    job_exe_history = 20,
  6    job_opr_alert = null,
  7    job_ema_group = 'group_anz_venus_production_notification@effem.com',
  8    job_type = '*PROCEDURE',
  9    job_int_group = null,
 10    job_procedure = 'ods_app.qu3_batch.check_batches',
 11    job_next = 'lics_time.schedule_next(''*ALL'',7)',
 12    job_interval = 'lics_time.schedule_next(''*ALL'',7)',
 13    job_status = '1'
 14  where job_job = 'QU3_CHECK_BATCH';

1 row updated.

SQL> 
SQL> commit;

Commit complete.

SQL> 
SQL> --------------------------------------------------------------------------------
SQL> -- Setup LICS Interace Entries
SQL> 
SQL> -- CREATE
SQL> 
SQL> -- interfaces
SQL> insert into lics_interface (int_interface,int_description,int_type,int_group,int_priority,int_hdr_history,int_dta_history,int_fil_path,int_fil_prefix,int_fil_sequence,int_fil_extension,int_opr_alert,int_ema_group,int_search,int_procedure,int_status,int_usr_invocation,int_usr_validation,int_usr_message,int_lod_type,int_lod_group) values ('QU3CDW00','Quofore - Wrigley New Zealand - Digest','*INBOUND','IB_QU3',1,7,7,'ICS_QU3CDW00',null,null,null,null,'group_anz_venus_production_notification@effem.com',null,'ods_app.qu3_qu3cdw00','1','0',null,null,'*POLL','FP_QU3');
insert into lics_interface (int_interface,int_description,int_type,int_group,int_priority,int_hdr_history,int_dta_history,int_fil_path,int_fil_prefix,int_fil_sequence,int_fil_extension,int_opr_alert,int_ema_group,int_search,int_procedure,int_status,int_usr_invocation,int_usr_validation,int_usr_message,int_lod_type,int_lod_group) values ('QU3CDW00','Quofore - Wrigley New Zealand - Digest','*INBOUND','IB_QU3',1,7,7,'ICS_QU3CDW00',null,null,null,null,'group_anz_venus_production_notification@effem.com',null,'ods_app.qu3_qu3cdw00','1','0',null,null,'*POLL','FP_QU3')
*
ERROR at line 1:
ORA-00001: unique constraint (LICS.LICS_INTERFACE_PK) violated 


SQL> insert into lics_interface (int_interface,int_description,int_type,int_group,int_priority,int_hdr_history,int_dta_history,int_fil_path,int_fil_prefix,int_fil_sequence,int_fil_extension,int_opr_alert,int_ema_group,int_search,int_procedure,int_status,int_usr_invocation,int_usr_validation,int_usr_message,int_lod_type,int_lod_group) values ('QU3CDW01','Quofore - Wrigley New Zealand - Hierarchy','*INBOUND','IB_QU3',1,7,7,'ICS_QU3CDW01',null,null,null,null,'group_anz_venus_production_notification@effem.com',null,'ods_app.qu3_qu3cdw01','1','0',null,null,'*POLL','FP_QU3');
insert into lics_interface (int_interface,int_description,int_type,int_group,int_priority,int_hdr_history,int_dta_history,int_fil_path,int_fil_prefix,int_fil_sequence,int_fil_extension,int_opr_alert,int_ema_group,int_search,int_procedure,int_status,int_usr_invocation,int_usr_validation,int_usr_message,int_lod_type,int_lod_group) values ('QU3CDW01','Quofore - Wrigley New Zealand - Hierarchy','*INBOUND','IB_QU3',1,7,7,'ICS_QU3CDW01',null,null,null,null,'group_anz_venus_production_notification@effem.com',null,'ods_app.qu3_qu3cdw01','1','0',null,null,'*POLL','FP_QU3')
*
ERROR at line 1:
ORA-00001: unique constraint (LICS.LICS_INTERFACE_PK) violated 


SQL> insert into lics_interface (int_interface,int_description,int_type,int_group,int_priority,int_hdr_history,int_dta_history,int_fil_path,int_fil_prefix,int_fil_sequence,int_fil_extension,int_opr_alert,int_ema_group,int_search,int_procedure,int_status,int_usr_invocation,int_usr_validation,int_usr_message,int_lod_type,int_lod_group) values ('QU3CDW02','Quofore - Wrigley New Zealand - GeneralList','*INBOUND','IB_QU3',1,7,7,'ICS_QU3CDW02',null,null,null,null,'group_anz_venus_production_notification@effem.com',null,'ods_app.qu3_qu3cdw02','1','0',null,null,'*POLL','FP_QU3');
insert into lics_interface (int_interface,int_description,int_type,int_group,int_priority,int_hdr_history,int_dta_history,int_fil_path,int_fil_prefix,int_fil_sequence,int_fil_extension,int_opr_alert,int_ema_group,int_search,int_procedure,int_status,int_usr_invocation,int_usr_validation,int_usr_message,int_lod_type,int_lod_group) values ('QU3CDW02','Quofore - Wrigley New Zealand - GeneralList','*INBOUND','IB_QU3',1,7,7,'ICS_QU3CDW02',null,null,null,null,'group_anz_venus_production_notification@effem.com',null,'ods_app.qu3_qu3cdw02','1','0',null,null,'*POLL','FP_QU3')
*
ERROR at line 1:
ORA-00001: unique constraint (LICS.LICS_INTERFACE_PK) violated 


SQL> insert into lics_interface (int_interface,int_description,int_type,int_group,int_priority,int_hdr_history,int_dta_history,int_fil_path,int_fil_prefix,int_fil_sequence,int_fil_extension,int_opr_alert,int_ema_group,int_search,int_procedure,int_status,int_usr_invocation,int_usr_validation,int_usr_message,int_lod_type,int_lod_group) values ('QU3CDW03','Quofore - Wrigley New Zealand - Role','*INBOUND','IB_QU3',1,7,7,'ICS_QU3CDW03',null,null,null,null,'group_anz_venus_production_notification@effem.com',null,'ods_app.qu3_qu3cdw03','1','0',null,null,'*POLL','FP_QU3');
insert into lics_interface (int_interface,int_description,int_type,int_group,int_priority,int_hdr_history,int_dta_history,int_fil_path,int_fil_prefix,int_fil_sequence,int_fil_extension,int_opr_alert,int_ema_group,int_search,int_procedure,int_status,int_usr_invocation,int_usr_validation,int_usr_message,int_lod_type,int_lod_group) values ('QU3CDW03','Quofore - Wrigley New Zealand - Role','*INBOUND','IB_QU3',1,7,7,'ICS_QU3CDW03',null,null,null,null,'group_anz_venus_production_notification@effem.com',null,'ods_app.qu3_qu3cdw03','1','0',null,null,'*POLL','FP_QU3')
*
ERROR at line 1:
ORA-00001: unique constraint (LICS.LICS_INTERFACE_PK) violated 


SQL> insert into lics_interface (int_interface,int_description,int_type,int_group,int_priority,int_hdr_history,int_dta_history,int_fil_path,int_fil_prefix,int_fil_sequence,int_fil_extension,int_opr_alert,int_ema_group,int_search,int_procedure,int_status,int_usr_invocation,int_usr_validation,int_usr_message,int_lod_type,int_lod_group) values ('QU3CDW04','Quofore - Wrigley New Zealand - Position','*INBOUND','IB_QU3',1,7,7,'ICS_QU3CDW04',null,null,null,null,'group_anz_venus_production_notification@effem.com',null,'ods_app.qu3_qu3cdw04','1','0',null,null,'*POLL','FP_QU3');
insert into lics_interface (int_interface,int_description,int_type,int_group,int_priority,int_hdr_history,int_dta_history,int_fil_path,int_fil_prefix,int_fil_sequence,int_fil_extension,int_opr_alert,int_ema_group,int_search,int_procedure,int_status,int_usr_invocation,int_usr_validation,int_usr_message,int_lod_type,int_lod_group) values ('QU3CDW04','Quofore - Wrigley New Zealand - Position','*INBOUND','IB_QU3',1,7,7,'ICS_QU3CDW04',null,null,null,null,'group_anz_venus_production_notification@effem.com',null,'ods_app.qu3_qu3cdw04','1','0',null,null,'*POLL','FP_QU3')
*
ERROR at line 1:
ORA-00001: unique constraint (LICS.LICS_INTERFACE_PK) violated 


SQL> insert into lics_interface (int_interface,int_description,int_type,int_group,int_priority,int_hdr_history,int_dta_history,int_fil_path,int_fil_prefix,int_fil_sequence,int_fil_extension,int_opr_alert,int_ema_group,int_search,int_procedure,int_status,int_usr_invocation,int_usr_validation,int_usr_message,int_lod_type,int_lod_group) values ('QU3CDW05','Quofore - Wrigley New Zealand - Rep','*INBOUND','IB_QU3',1,7,7,'ICS_QU3CDW05',null,null,null,null,'group_anz_venus_production_notification@effem.com',null,'ods_app.qu3_qu3cdw05','1','0',null,null,'*POLL','FP_QU3');
insert into lics_interface (int_interface,int_description,int_type,int_group,int_priority,int_hdr_history,int_dta_history,int_fil_path,int_fil_prefix,int_fil_sequence,int_fil_extension,int_opr_alert,int_ema_group,int_search,int_procedure,int_status,int_usr_invocation,int_usr_validation,int_usr_message,int_lod_type,int_lod_group) values ('QU3CDW05','Quofore - Wrigley New Zealand - Rep','*INBOUND','IB_QU3',1,7,7,'ICS_QU3CDW05',null,null,null,null,'group_anz_venus_production_notification@effem.com',null,'ods_app.qu3_qu3cdw05','1','0',null,null,'*POLL','FP_QU3')
*
ERROR at line 1:
ORA-00001: unique constraint (LICS.LICS_INTERFACE_PK) violated 


SQL> insert into lics_interface (int_interface,int_description,int_type,int_group,int_priority,int_hdr_history,int_dta_history,int_fil_path,int_fil_prefix,int_fil_sequence,int_fil_extension,int_opr_alert,int_ema_group,int_search,int_procedure,int_status,int_usr_invocation,int_usr_validation,int_usr_message,int_lod_type,int_lod_group) values ('QU3CDW06','Quofore - Wrigley New Zealand - RepAddress','*INBOUND','IB_QU3',1,7,7,'ICS_QU3CDW06',null,null,null,null,'group_anz_venus_production_notification@effem.com',null,'ods_app.qu3_qu3cdw06','1','0',null,null,'*POLL','FP_QU3');
insert into lics_interface (int_interface,int_description,int_type,int_group,int_priority,int_hdr_history,int_dta_history,int_fil_path,int_fil_prefix,int_fil_sequence,int_fil_extension,int_opr_alert,int_ema_group,int_search,int_procedure,int_status,int_usr_invocation,int_usr_validation,int_usr_message,int_lod_type,int_lod_group) values ('QU3CDW06','Quofore - Wrigley New Zealand - RepAddress','*INBOUND','IB_QU3',1,7,7,'ICS_QU3CDW06',null,null,null,null,'group_anz_venus_production_notification@effem.com',null,'ods_app.qu3_qu3cdw06','1','0',null,null,'*POLL','FP_QU3')
*
ERROR at line 1:
ORA-00001: unique constraint (LICS.LICS_INTERFACE_PK) violated 


SQL> insert into lics_interface (int_interface,int_description,int_type,int_group,int_priority,int_hdr_history,int_dta_history,int_fil_path,int_fil_prefix,int_fil_sequence,int_fil_extension,int_opr_alert,int_ema_group,int_search,int_procedure,int_status,int_usr_invocation,int_usr_validation,int_usr_message,int_lod_type,int_lod_group) values ('QU3CDW07','Quofore - Wrigley New Zealand - Product','*INBOUND','IB_QU3',1,7,7,'ICS_QU3CDW07',null,null,null,null,'group_anz_venus_production_notification@effem.com',null,'ods_app.qu3_qu3cdw07','1','0',null,null,'*POLL','FP_QU3');
insert into lics_interface (int_interface,int_description,int_type,int_group,int_priority,int_hdr_history,int_dta_history,int_fil_path,int_fil_prefix,int_fil_sequence,int_fil_extension,int_opr_alert,int_ema_group,int_search,int_procedure,int_status,int_usr_invocation,int_usr_validation,int_usr_message,int_lod_type,int_lod_group) values ('QU3CDW07','Quofore - Wrigley New Zealand - Product','*INBOUND','IB_QU3',1,7,7,'ICS_QU3CDW07',null,null,null,null,'group_anz_venus_production_notification@effem.com',null,'ods_app.qu3_qu3cdw07','1','0',null,null,'*POLL','FP_QU3')
*
ERROR at line 1:
ORA-00001: unique constraint (LICS.LICS_INTERFACE_PK) violated 


SQL> insert into lics_interface (int_interface,int_description,int_type,int_group,int_priority,int_hdr_history,int_dta_history,int_fil_path,int_fil_prefix,int_fil_sequence,int_fil_extension,int_opr_alert,int_ema_group,int_search,int_procedure,int_status,int_usr_invocation,int_usr_validation,int_usr_message,int_lod_type,int_lod_group) values ('QU3CDW08','Quofore - Wrigley New Zealand - ProductBarcode','*INBOUND','IB_QU3',1,7,7,'ICS_QU3CDW08',null,null,null,null,'group_anz_venus_production_notification@effem.com',null,'ods_app.qu3_qu3cdw08','1','0',null,null,'*POLL','FP_QU3');
insert into lics_interface (int_interface,int_description,int_type,int_group,int_priority,int_hdr_history,int_dta_history,int_fil_path,int_fil_prefix,int_fil_sequence,int_fil_extension,int_opr_alert,int_ema_group,int_search,int_procedure,int_status,int_usr_invocation,int_usr_validation,int_usr_message,int_lod_type,int_lod_group) values ('QU3CDW08','Quofore - Wrigley New Zealand - ProductBarcode','*INBOUND','IB_QU3',1,7,7,'ICS_QU3CDW08',null,null,null,null,'group_anz_venus_production_notification@effem.com',null,'ods_app.qu3_qu3cdw08','1','0',null,null,'*POLL','FP_QU3')
*
ERROR at line 1:
ORA-00001: unique constraint (LICS.LICS_INTERFACE_PK) violated 


SQL> insert into lics_interface (int_interface,int_description,int_type,int_group,int_priority,int_hdr_history,int_dta_history,int_fil_path,int_fil_prefix,int_fil_sequence,int_fil_extension,int_opr_alert,int_ema_group,int_search,int_procedure,int_status,int_usr_invocation,int_usr_validation,int_usr_message,int_lod_type,int_lod_group) values ('QU3CDW09','Quofore - Wrigley New Zealand - Customer','*INBOUND','IB_QU3',1,7,7,'ICS_QU3CDW09',null,null,null,null,'group_anz_venus_production_notification@effem.com',null,'ods_app.qu3_qu3cdw09','1','0',null,null,'*POLL','FP_QU3');
insert into lics_interface (int_interface,int_description,int_type,int_group,int_priority,int_hdr_history,int_dta_history,int_fil_path,int_fil_prefix,int_fil_sequence,int_fil_extension,int_opr_alert,int_ema_group,int_search,int_procedure,int_status,int_usr_invocation,int_usr_validation,int_usr_message,int_lod_type,int_lod_group) values ('QU3CDW09','Quofore - Wrigley New Zealand - Customer','*INBOUND','IB_QU3',1,7,7,'ICS_QU3CDW09',null,null,null,null,'group_anz_venus_production_notification@effem.com',null,'ods_app.qu3_qu3cdw09','1','0',null,null,'*POLL','FP_QU3')
*
ERROR at line 1:
ORA-00001: unique constraint (LICS.LICS_INTERFACE_PK) violated 


SQL> insert into lics_interface (int_interface,int_description,int_type,int_group,int_priority,int_hdr_history,int_dta_history,int_fil_path,int_fil_prefix,int_fil_sequence,int_fil_extension,int_opr_alert,int_ema_group,int_search,int_procedure,int_status,int_usr_invocation,int_usr_validation,int_usr_message,int_lod_type,int_lod_group) values ('QU3CDW10','Quofore - Wrigley New Zealand - CustomerAddress','*INBOUND','IB_QU3',1,7,7,'ICS_QU3CDW10',null,null,null,null,'group_anz_venus_production_notification@effem.com',null,'ods_app.qu3_qu3cdw10','1','0',null,null,'*POLL','FP_QU3');
insert into lics_interface (int_interface,int_description,int_type,int_group,int_priority,int_hdr_history,int_dta_history,int_fil_path,int_fil_prefix,int_fil_sequence,int_fil_extension,int_opr_alert,int_ema_group,int_search,int_procedure,int_status,int_usr_invocation,int_usr_validation,int_usr_message,int_lod_type,int_lod_group) values ('QU3CDW10','Quofore - Wrigley New Zealand - CustomerAddress','*INBOUND','IB_QU3',1,7,7,'ICS_QU3CDW10',null,null,null,null,'group_anz_venus_production_notification@effem.com',null,'ods_app.qu3_qu3cdw10','1','0',null,null,'*POLL','FP_QU3')
*
ERROR at line 1:
ORA-00001: unique constraint (LICS.LICS_INTERFACE_PK) violated 


SQL> insert into lics_interface (int_interface,int_description,int_type,int_group,int_priority,int_hdr_history,int_dta_history,int_fil_path,int_fil_prefix,int_fil_sequence,int_fil_extension,int_opr_alert,int_ema_group,int_search,int_procedure,int_status,int_usr_invocation,int_usr_validation,int_usr_message,int_lod_type,int_lod_group) values ('QU3CDW11','Quofore - Wrigley New Zealand - CustomerNote','*INBOUND','IB_QU3',1,7,7,'ICS_QU3CDW11',null,null,null,null,'group_anz_venus_production_notification@effem.com',null,'ods_app.qu3_qu3cdw11','1','0',null,null,'*POLL','FP_QU3');
insert into lics_interface (int_interface,int_description,int_type,int_group,int_priority,int_hdr_history,int_dta_history,int_fil_path,int_fil_prefix,int_fil_sequence,int_fil_extension,int_opr_alert,int_ema_group,int_search,int_procedure,int_status,int_usr_invocation,int_usr_validation,int_usr_message,int_lod_type,int_lod_group) values ('QU3CDW11','Quofore - Wrigley New Zealand - CustomerNote','*INBOUND','IB_QU3',1,7,7,'ICS_QU3CDW11',null,null,null,null,'group_anz_venus_production_notification@effem.com',null,'ods_app.qu3_qu3cdw11','1','0',null,null,'*POLL','FP_QU3')
*
ERROR at line 1:
ORA-00001: unique constraint (LICS.LICS_INTERFACE_PK) violated 


SQL> insert into lics_interface (int_interface,int_description,int_type,int_group,int_priority,int_hdr_history,int_dta_history,int_fil_path,int_fil_prefix,int_fil_sequence,int_fil_extension,int_opr_alert,int_ema_group,int_search,int_procedure,int_status,int_usr_invocation,int_usr_validation,int_usr_message,int_lod_type,int_lod_group) values ('QU3CDW12','Quofore - Wrigley New Zealand - CustomerContact','*INBOUND','IB_QU3',1,7,7,'ICS_QU3CDW12',null,null,null,null,'group_anz_venus_production_notification@effem.com',null,'ods_app.qu3_qu3cdw12','1','0',null,null,'*POLL','FP_QU3');
insert into lics_interface (int_interface,int_description,int_type,int_group,int_priority,int_hdr_history,int_dta_history,int_fil_path,int_fil_prefix,int_fil_sequence,int_fil_extension,int_opr_alert,int_ema_group,int_search,int_procedure,int_status,int_usr_invocation,int_usr_validation,int_usr_message,int_lod_type,int_lod_group) values ('QU3CDW12','Quofore - Wrigley New Zealand - CustomerContact','*INBOUND','IB_QU3',1,7,7,'ICS_QU3CDW12',null,null,null,null,'group_anz_venus_production_notification@effem.com',null,'ods_app.qu3_qu3cdw12','1','0',null,null,'*POLL','FP_QU3')
*
ERROR at line 1:
ORA-00001: unique constraint (LICS.LICS_INTERFACE_PK) violated 


SQL> insert into lics_interface (int_interface,int_description,int_type,int_group,int_priority,int_hdr_history,int_dta_history,int_fil_path,int_fil_prefix,int_fil_sequence,int_fil_extension,int_opr_alert,int_ema_group,int_search,int_procedure,int_status,int_usr_invocation,int_usr_validation,int_usr_message,int_lod_type,int_lod_group) values ('QU3CDW13','Quofore - Wrigley New Zealand - CustomerVisitorDay','*INBOUND','IB_QU3',1,7,7,'ICS_QU3CDW13',null,null,null,null,'group_anz_venus_production_notification@effem.com',null,'ods_app.qu3_qu3cdw13','1','0',null,null,'*POLL','FP_QU3');
insert into lics_interface (int_interface,int_description,int_type,int_group,int_priority,int_hdr_history,int_dta_history,int_fil_path,int_fil_prefix,int_fil_sequence,int_fil_extension,int_opr_alert,int_ema_group,int_search,int_procedure,int_status,int_usr_invocation,int_usr_validation,int_usr_message,int_lod_type,int_lod_group) values ('QU3CDW13','Quofore - Wrigley New Zealand - CustomerVisitorDay','*INBOUND','IB_QU3',1,7,7,'ICS_QU3CDW13',null,null,null,null,'group_anz_venus_production_notification@effem.com',null,'ods_app.qu3_qu3cdw13','1','0',null,null,'*POLL','FP_QU3')
*
ERROR at line 1:
ORA-00001: unique constraint (LICS.LICS_INTERFACE_PK) violated 


SQL> insert into lics_interface (int_interface,int_description,int_type,int_group,int_priority,int_hdr_history,int_dta_history,int_fil_path,int_fil_prefix,int_fil_sequence,int_fil_extension,int_opr_alert,int_ema_group,int_search,int_procedure,int_status,int_usr_invocation,int_usr_validation,int_usr_message,int_lod_type,int_lod_group) values ('QU3CDW14','Quofore - Wrigley New Zealand - AssortmentDetail','*INBOUND','IB_QU3',1,7,7,'ICS_QU3CDW14',null,null,null,null,'group_anz_venus_production_notification@effem.com',null,'ods_app.qu3_qu3cdw14','1','0',null,null,'*POLL','FP_QU3');
insert into lics_interface (int_interface,int_description,int_type,int_group,int_priority,int_hdr_history,int_dta_history,int_fil_path,int_fil_prefix,int_fil_sequence,int_fil_extension,int_opr_alert,int_ema_group,int_search,int_procedure,int_status,int_usr_invocation,int_usr_validation,int_usr_message,int_lod_type,int_lod_group) values ('QU3CDW14','Quofore - Wrigley New Zealand - AssortmentDetail','*INBOUND','IB_QU3',1,7,7,'ICS_QU3CDW14',null,null,null,null,'group_anz_venus_production_notification@effem.com',null,'ods_app.qu3_qu3cdw14','1','0',null,null,'*POLL','FP_QU3')
*
ERROR at line 1:
ORA-00001: unique constraint (LICS.LICS_INTERFACE_PK) violated 


SQL> insert into lics_interface (int_interface,int_description,int_type,int_group,int_priority,int_hdr_history,int_dta_history,int_fil_path,int_fil_prefix,int_fil_sequence,int_fil_extension,int_opr_alert,int_ema_group,int_search,int_procedure,int_status,int_usr_invocation,int_usr_validation,int_usr_message,int_lod_type,int_lod_group) values ('QU3CDW15','Quofore - Wrigley New Zealand - CustomerAssortmentDetail','*INBOUND','IB_QU3',1,7,7,'ICS_QU3CDW15',null,null,null,null,'group_anz_venus_production_notification@effem.com',null,'ods_app.qu3_qu3cdw15','1','0',null,null,'*POLL','FP_QU3');
insert into lics_interface (int_interface,int_description,int_type,int_group,int_priority,int_hdr_history,int_dta_history,int_fil_path,int_fil_prefix,int_fil_sequence,int_fil_extension,int_opr_alert,int_ema_group,int_search,int_procedure,int_status,int_usr_invocation,int_usr_validation,int_usr_message,int_lod_type,int_lod_group) values ('QU3CDW15','Quofore - Wrigley New Zealand - CustomerAssortmentDetail','*INBOUND','IB_QU3',1,7,7,'ICS_QU3CDW15',null,null,null,null,'group_anz_venus_production_notification@effem.com',null,'ods_app.qu3_qu3cdw15','1','0',null,null,'*POLL','FP_QU3')
*
ERROR at line 1:
ORA-00001: unique constraint (LICS.LICS_INTERFACE_PK) violated 


SQL> insert into lics_interface (int_interface,int_description,int_type,int_group,int_priority,int_hdr_history,int_dta_history,int_fil_path,int_fil_prefix,int_fil_sequence,int_fil_extension,int_opr_alert,int_ema_group,int_search,int_procedure,int_status,int_usr_invocation,int_usr_validation,int_usr_message,int_lod_type,int_lod_group) values ('QU3CDW16','Quofore - Wrigley New Zealand - ProductAssortmentDetail','*INBOUND','IB_QU3',1,7,7,'ICS_QU3CDW16',null,null,null,null,'group_anz_venus_production_notification@effem.com',null,'ods_app.qu3_qu3cdw16','1','0',null,null,'*POLL','FP_QU3');
insert into lics_interface (int_interface,int_description,int_type,int_group,int_priority,int_hdr_history,int_dta_history,int_fil_path,int_fil_prefix,int_fil_sequence,int_fil_extension,int_opr_alert,int_ema_group,int_search,int_procedure,int_status,int_usr_invocation,int_usr_validation,int_usr_message,int_lod_type,int_lod_group) values ('QU3CDW16','Quofore - Wrigley New Zealand - ProductAssortmentDetail','*INBOUND','IB_QU3',1,7,7,'ICS_QU3CDW16',null,null,null,null,'group_anz_venus_production_notification@effem.com',null,'ods_app.qu3_qu3cdw16','1','0',null,null,'*POLL','FP_QU3')
*
ERROR at line 1:
ORA-00001: unique constraint (LICS.LICS_INTERFACE_PK) violated 


SQL> insert into lics_interface (int_interface,int_description,int_type,int_group,int_priority,int_hdr_history,int_dta_history,int_fil_path,int_fil_prefix,int_fil_sequence,int_fil_extension,int_opr_alert,int_ema_group,int_search,int_procedure,int_status,int_usr_invocation,int_usr_validation,int_usr_message,int_lod_type,int_lod_group) values ('QU3CDW17','Quofore - Wrigley New Zealand - AuthorisedListProduct','*INBOUND','IB_QU3',1,7,7,'ICS_QU3CDW17',null,null,null,null,'group_anz_venus_production_notification@effem.com',null,'ods_app.qu3_qu3cdw17','1','0',null,null,'*POLL','FP_QU3');
insert into lics_interface (int_interface,int_description,int_type,int_group,int_priority,int_hdr_history,int_dta_history,int_fil_path,int_fil_prefix,int_fil_sequence,int_fil_extension,int_opr_alert,int_ema_group,int_search,int_procedure,int_status,int_usr_invocation,int_usr_validation,int_usr_message,int_lod_type,int_lod_group) values ('QU3CDW17','Quofore - Wrigley New Zealand - AuthorisedListProduct','*INBOUND','IB_QU3',1,7,7,'ICS_QU3CDW17',null,null,null,null,'group_anz_venus_production_notification@effem.com',null,'ods_app.qu3_qu3cdw17','1','0',null,null,'*POLL','FP_QU3')
*
ERROR at line 1:
ORA-00001: unique constraint (LICS.LICS_INTERFACE_PK) violated 


SQL> insert into lics_interface (int_interface,int_description,int_type,int_group,int_priority,int_hdr_history,int_dta_history,int_fil_path,int_fil_prefix,int_fil_sequence,int_fil_extension,int_opr_alert,int_ema_group,int_search,int_procedure,int_status,int_usr_invocation,int_usr_validation,int_usr_message,int_lod_type,int_lod_group) values ('QU3CDW18','Quofore - Wrigley New Zealand - Appointment','*INBOUND','IB_QU3',1,7,7,'ICS_QU3CDW18',null,null,null,null,'group_anz_venus_production_notification@effem.com',null,'ods_app.qu3_qu3cdw18','1','0',null,null,'*POLL','FP_QU3');
insert into lics_interface (int_interface,int_description,int_type,int_group,int_priority,int_hdr_history,int_dta_history,int_fil_path,int_fil_prefix,int_fil_sequence,int_fil_extension,int_opr_alert,int_ema_group,int_search,int_procedure,int_status,int_usr_invocation,int_usr_validation,int_usr_message,int_lod_type,int_lod_group) values ('QU3CDW18','Quofore - Wrigley New Zealand - Appointment','*INBOUND','IB_QU3',1,7,7,'ICS_QU3CDW18',null,null,null,null,'group_anz_venus_production_notification@effem.com',null,'ods_app.qu3_qu3cdw18','1','0',null,null,'*POLL','FP_QU3')
*
ERROR at line 1:
ORA-00001: unique constraint (LICS.LICS_INTERFACE_PK) violated 


SQL> insert into lics_interface (int_interface,int_description,int_type,int_group,int_priority,int_hdr_history,int_dta_history,int_fil_path,int_fil_prefix,int_fil_sequence,int_fil_extension,int_opr_alert,int_ema_group,int_search,int_procedure,int_status,int_usr_invocation,int_usr_validation,int_usr_message,int_lod_type,int_lod_group) values ('QU3CDW19','Quofore - Wrigley New Zealand - CallCard','*INBOUND','IB_QU3',1,7,7,'ICS_QU3CDW19',null,null,null,null,'group_anz_venus_production_notification@effem.com',null,'ods_app.qu3_qu3cdw19','1','0',null,null,'*POLL','FP_QU3');
insert into lics_interface (int_interface,int_description,int_type,int_group,int_priority,int_hdr_history,int_dta_history,int_fil_path,int_fil_prefix,int_fil_sequence,int_fil_extension,int_opr_alert,int_ema_group,int_search,int_procedure,int_status,int_usr_invocation,int_usr_validation,int_usr_message,int_lod_type,int_lod_group) values ('QU3CDW19','Quofore - Wrigley New Zealand - CallCard','*INBOUND','IB_QU3',1,7,7,'ICS_QU3CDW19',null,null,null,null,'group_anz_venus_production_notification@effem.com',null,'ods_app.qu3_qu3cdw19','1','0',null,null,'*POLL','FP_QU3')
*
ERROR at line 1:
ORA-00001: unique constraint (LICS.LICS_INTERFACE_PK) violated 


SQL> insert into lics_interface (int_interface,int_description,int_type,int_group,int_priority,int_hdr_history,int_dta_history,int_fil_path,int_fil_prefix,int_fil_sequence,int_fil_extension,int_opr_alert,int_ema_group,int_search,int_procedure,int_status,int_usr_invocation,int_usr_validation,int_usr_message,int_lod_type,int_lod_group) values ('QU3CDW20','Quofore - Wrigley New Zealand - CallcardNote','*INBOUND','IB_QU3',1,7,7,'ICS_QU3CDW20',null,null,null,null,'group_anz_venus_production_notification@effem.com',null,'ods_app.qu3_qu3cdw20','1','0',null,null,'*POLL','FP_QU3');
insert into lics_interface (int_interface,int_description,int_type,int_group,int_priority,int_hdr_history,int_dta_history,int_fil_path,int_fil_prefix,int_fil_sequence,int_fil_extension,int_opr_alert,int_ema_group,int_search,int_procedure,int_status,int_usr_invocation,int_usr_validation,int_usr_message,int_lod_type,int_lod_group) values ('QU3CDW20','Quofore - Wrigley New Zealand - CallcardNote','*INBOUND','IB_QU3',1,7,7,'ICS_QU3CDW20',null,null,null,null,'group_anz_venus_production_notification@effem.com',null,'ods_app.qu3_qu3cdw20','1','0',null,null,'*POLL','FP_QU3')
*
ERROR at line 1:
ORA-00001: unique constraint (LICS.LICS_INTERFACE_PK) violated 


SQL> insert into lics_interface (int_interface,int_description,int_type,int_group,int_priority,int_hdr_history,int_dta_history,int_fil_path,int_fil_prefix,int_fil_sequence,int_fil_extension,int_opr_alert,int_ema_group,int_search,int_procedure,int_status,int_usr_invocation,int_usr_validation,int_usr_message,int_lod_type,int_lod_group) values ('QU3CDW21','Quofore - Wrigley New Zealand - OrderHeader','*INBOUND','IB_QU3',1,7,7,'ICS_QU3CDW21',null,null,null,null,'group_anz_venus_production_notification@effem.com',null,'ods_app.qu3_qu3cdw21','1','0',null,null,'*POLL','FP_QU3');
insert into lics_interface (int_interface,int_description,int_type,int_group,int_priority,int_hdr_history,int_dta_history,int_fil_path,int_fil_prefix,int_fil_sequence,int_fil_extension,int_opr_alert,int_ema_group,int_search,int_procedure,int_status,int_usr_invocation,int_usr_validation,int_usr_message,int_lod_type,int_lod_group) values ('QU3CDW21','Quofore - Wrigley New Zealand - OrderHeader','*INBOUND','IB_QU3',1,7,7,'ICS_QU3CDW21',null,null,null,null,'group_anz_venus_production_notification@effem.com',null,'ods_app.qu3_qu3cdw21','1','0',null,null,'*POLL','FP_QU3')
*
ERROR at line 1:
ORA-00001: unique constraint (LICS.LICS_INTERFACE_PK) violated 


SQL> insert into lics_interface (int_interface,int_description,int_type,int_group,int_priority,int_hdr_history,int_dta_history,int_fil_path,int_fil_prefix,int_fil_sequence,int_fil_extension,int_opr_alert,int_ema_group,int_search,int_procedure,int_status,int_usr_invocation,int_usr_validation,int_usr_message,int_lod_type,int_lod_group) values ('QU3CDW22','Quofore - Wrigley New Zealand - OrderDetail','*INBOUND','IB_QU3',1,7,7,'ICS_QU3CDW22',null,null,null,null,'group_anz_venus_production_notification@effem.com',null,'ods_app.qu3_qu3cdw22','1','0',null,null,'*POLL','FP_QU3');
insert into lics_interface (int_interface,int_description,int_type,int_group,int_priority,int_hdr_history,int_dta_history,int_fil_path,int_fil_prefix,int_fil_sequence,int_fil_extension,int_opr_alert,int_ema_group,int_search,int_procedure,int_status,int_usr_invocation,int_usr_validation,int_usr_message,int_lod_type,int_lod_group) values ('QU3CDW22','Quofore - Wrigley New Zealand - OrderDetail','*INBOUND','IB_QU3',1,7,7,'ICS_QU3CDW22',null,null,null,null,'group_anz_venus_production_notification@effem.com',null,'ods_app.qu3_qu3cdw22','1','0',null,null,'*POLL','FP_QU3')
*
ERROR at line 1:
ORA-00001: unique constraint (LICS.LICS_INTERFACE_PK) violated 


SQL> insert into lics_interface (int_interface,int_description,int_type,int_group,int_priority,int_hdr_history,int_dta_history,int_fil_path,int_fil_prefix,int_fil_sequence,int_fil_extension,int_opr_alert,int_ema_group,int_search,int_procedure,int_status,int_usr_invocation,int_usr_validation,int_usr_message,int_lod_type,int_lod_group) values ('QU3CDW23','Quofore - Wrigley New Zealand - Territory','*INBOUND','IB_QU3',1,7,7,'ICS_QU3CDW23',null,null,null,null,'group_anz_venus_production_notification@effem.com',null,'ods_app.qu3_qu3cdw23','1','0',null,null,'*POLL','FP_QU3');
insert into lics_interface (int_interface,int_description,int_type,int_group,int_priority,int_hdr_history,int_dta_history,int_fil_path,int_fil_prefix,int_fil_sequence,int_fil_extension,int_opr_alert,int_ema_group,int_search,int_procedure,int_status,int_usr_invocation,int_usr_validation,int_usr_message,int_lod_type,int_lod_group) values ('QU3CDW23','Quofore - Wrigley New Zealand - Territory','*INBOUND','IB_QU3',1,7,7,'ICS_QU3CDW23',null,null,null,null,'group_anz_venus_production_notification@effem.com',null,'ods_app.qu3_qu3cdw23','1','0',null,null,'*POLL','FP_QU3')
*
ERROR at line 1:
ORA-00001: unique constraint (LICS.LICS_INTERFACE_PK) violated 


SQL> insert into lics_interface (int_interface,int_description,int_type,int_group,int_priority,int_hdr_history,int_dta_history,int_fil_path,int_fil_prefix,int_fil_sequence,int_fil_extension,int_opr_alert,int_ema_group,int_search,int_procedure,int_status,int_usr_invocation,int_usr_validation,int_usr_message,int_lod_type,int_lod_group) values ('QU3CDW24','Quofore - Wrigley New Zealand - CustomerTerritory','*INBOUND','IB_QU3',1,7,7,'ICS_QU3CDW24',null,null,null,null,'group_anz_venus_production_notification@effem.com',null,'ods_app.qu3_qu3cdw24','1','0',null,null,'*POLL','FP_QU3');
insert into lics_interface (int_interface,int_description,int_type,int_group,int_priority,int_hdr_history,int_dta_history,int_fil_path,int_fil_prefix,int_fil_sequence,int_fil_extension,int_opr_alert,int_ema_group,int_search,int_procedure,int_status,int_usr_invocation,int_usr_validation,int_usr_message,int_lod_type,int_lod_group) values ('QU3CDW24','Quofore - Wrigley New Zealand - CustomerTerritory','*INBOUND','IB_QU3',1,7,7,'ICS_QU3CDW24',null,null,null,null,'group_anz_venus_production_notification@effem.com',null,'ods_app.qu3_qu3cdw24','1','0',null,null,'*POLL','FP_QU3')
*
ERROR at line 1:
ORA-00001: unique constraint (LICS.LICS_INTERFACE_PK) violated 


SQL> insert into lics_interface (int_interface,int_description,int_type,int_group,int_priority,int_hdr_history,int_dta_history,int_fil_path,int_fil_prefix,int_fil_sequence,int_fil_extension,int_opr_alert,int_ema_group,int_search,int_procedure,int_status,int_usr_invocation,int_usr_validation,int_usr_message,int_lod_type,int_lod_group) values ('QU3CDW25','Quofore - Wrigley New Zealand - PositionTerritory','*INBOUND','IB_QU3',1,7,7,'ICS_QU3CDW25',null,null,null,null,'group_anz_venus_production_notification@effem.com',null,'ods_app.qu3_qu3cdw25','1','0',null,null,'*POLL','FP_QU3');
insert into lics_interface (int_interface,int_description,int_type,int_group,int_priority,int_hdr_history,int_dta_history,int_fil_path,int_fil_prefix,int_fil_sequence,int_fil_extension,int_opr_alert,int_ema_group,int_search,int_procedure,int_status,int_usr_invocation,int_usr_validation,int_usr_message,int_lod_type,int_lod_group) values ('QU3CDW25','Quofore - Wrigley New Zealand - PositionTerritory','*INBOUND','IB_QU3',1,7,7,'ICS_QU3CDW25',null,null,null,null,'group_anz_venus_production_notification@effem.com',null,'ods_app.qu3_qu3cdw25','1','0',null,null,'*POLL','FP_QU3')
*
ERROR at line 1:
ORA-00001: unique constraint (LICS.LICS_INTERFACE_PK) violated 


SQL> insert into lics_interface (int_interface,int_description,int_type,int_group,int_priority,int_hdr_history,int_dta_history,int_fil_path,int_fil_prefix,int_fil_sequence,int_fil_extension,int_opr_alert,int_ema_group,int_search,int_procedure,int_status,int_usr_invocation,int_usr_validation,int_usr_message,int_lod_type,int_lod_group) values ('QU3CDW26','Quofore - Wrigley New Zealand - Survey','*INBOUND','IB_QU3',1,7,7,'ICS_QU3CDW26',null,null,null,null,'group_anz_venus_production_notification@effem.com',null,'ods_app.qu3_qu3cdw26','1','0',null,null,'*POLL','FP_QU3');
insert into lics_interface (int_interface,int_description,int_type,int_group,int_priority,int_hdr_history,int_dta_history,int_fil_path,int_fil_prefix,int_fil_sequence,int_fil_extension,int_opr_alert,int_ema_group,int_search,int_procedure,int_status,int_usr_invocation,int_usr_validation,int_usr_message,int_lod_type,int_lod_group) values ('QU3CDW26','Quofore - Wrigley New Zealand - Survey','*INBOUND','IB_QU3',1,7,7,'ICS_QU3CDW26',null,null,null,null,'group_anz_venus_production_notification@effem.com',null,'ods_app.qu3_qu3cdw26','1','0',null,null,'*POLL','FP_QU3')
*
ERROR at line 1:
ORA-00001: unique constraint (LICS.LICS_INTERFACE_PK) violated 


SQL> insert into lics_interface (int_interface,int_description,int_type,int_group,int_priority,int_hdr_history,int_dta_history,int_fil_path,int_fil_prefix,int_fil_sequence,int_fil_extension,int_opr_alert,int_ema_group,int_search,int_procedure,int_status,int_usr_invocation,int_usr_validation,int_usr_message,int_lod_type,int_lod_group) values ('QU3CDW27','Quofore - Wrigley New Zealand - SurveyQuestion','*INBOUND','IB_QU3',1,7,7,'ICS_QU3CDW27',null,null,null,null,'group_anz_venus_production_notification@effem.com',null,'ods_app.qu3_qu3cdw27','1','0',null,null,'*POLL','FP_QU3');
insert into lics_interface (int_interface,int_description,int_type,int_group,int_priority,int_hdr_history,int_dta_history,int_fil_path,int_fil_prefix,int_fil_sequence,int_fil_extension,int_opr_alert,int_ema_group,int_search,int_procedure,int_status,int_usr_invocation,int_usr_validation,int_usr_message,int_lod_type,int_lod_group) values ('QU3CDW27','Quofore - Wrigley New Zealand - SurveyQuestion','*INBOUND','IB_QU3',1,7,7,'ICS_QU3CDW27',null,null,null,null,'group_anz_venus_production_notification@effem.com',null,'ods_app.qu3_qu3cdw27','1','0',null,null,'*POLL','FP_QU3')
*
ERROR at line 1:
ORA-00001: unique constraint (LICS.LICS_INTERFACE_PK) violated 


SQL> insert into lics_interface (int_interface,int_description,int_type,int_group,int_priority,int_hdr_history,int_dta_history,int_fil_path,int_fil_prefix,int_fil_sequence,int_fil_extension,int_opr_alert,int_ema_group,int_search,int_procedure,int_status,int_usr_invocation,int_usr_validation,int_usr_message,int_lod_type,int_lod_group) values ('QU3CDW28','Quofore - Wrigley New Zealand - ResponseOption','*INBOUND','IB_QU3',1,7,7,'ICS_QU3CDW28',null,null,null,null,'group_anz_venus_production_notification@effem.com',null,'ods_app.qu3_qu3cdw28','1','0',null,null,'*POLL','FP_QU3');
insert into lics_interface (int_interface,int_description,int_type,int_group,int_priority,int_hdr_history,int_dta_history,int_fil_path,int_fil_prefix,int_fil_sequence,int_fil_extension,int_opr_alert,int_ema_group,int_search,int_procedure,int_status,int_usr_invocation,int_usr_validation,int_usr_message,int_lod_type,int_lod_group) values ('QU3CDW28','Quofore - Wrigley New Zealand - ResponseOption','*INBOUND','IB_QU3',1,7,7,'ICS_QU3CDW28',null,null,null,null,'group_anz_venus_production_notification@effem.com',null,'ods_app.qu3_qu3cdw28','1','0',null,null,'*POLL','FP_QU3')
*
ERROR at line 1:
ORA-00001: unique constraint (LICS.LICS_INTERFACE_PK) violated 


SQL> insert into lics_interface (int_interface,int_description,int_type,int_group,int_priority,int_hdr_history,int_dta_history,int_fil_path,int_fil_prefix,int_fil_sequence,int_fil_extension,int_opr_alert,int_ema_group,int_search,int_procedure,int_status,int_usr_invocation,int_usr_validation,int_usr_message,int_lod_type,int_lod_group) values ('QU3CDW29','Quofore - Wrigley New Zealand - Task','*INBOUND','IB_QU3',1,7,7,'ICS_QU3CDW29',null,null,null,null,'group_anz_venus_production_notification@effem.com',null,'ods_app.qu3_qu3cdw29','1','0',null,null,'*POLL','FP_QU3');
insert into lics_interface (int_interface,int_description,int_type,int_group,int_priority,int_hdr_history,int_dta_history,int_fil_path,int_fil_prefix,int_fil_sequence,int_fil_extension,int_opr_alert,int_ema_group,int_search,int_procedure,int_status,int_usr_invocation,int_usr_validation,int_usr_message,int_lod_type,int_lod_group) values ('QU3CDW29','Quofore - Wrigley New Zealand - Task','*INBOUND','IB_QU3',1,7,7,'ICS_QU3CDW29',null,null,null,null,'group_anz_venus_production_notification@effem.com',null,'ods_app.qu3_qu3cdw29','1','0',null,null,'*POLL','FP_QU3')
*
ERROR at line 1:
ORA-00001: unique constraint (LICS.LICS_INTERFACE_PK) violated 


SQL> insert into lics_interface (int_interface,int_description,int_type,int_group,int_priority,int_hdr_history,int_dta_history,int_fil_path,int_fil_prefix,int_fil_sequence,int_fil_extension,int_opr_alert,int_ema_group,int_search,int_procedure,int_status,int_usr_invocation,int_usr_validation,int_usr_message,int_lod_type,int_lod_group) values ('QU3CDW30','Quofore - Wrigley New Zealand - TaskAssignment','*INBOUND','IB_QU3',1,7,7,'ICS_QU3CDW30',null,null,null,null,'group_anz_venus_production_notification@effem.com',null,'ods_app.qu3_qu3cdw30','1','0',null,null,'*POLL','FP_QU3');
insert into lics_interface (int_interface,int_description,int_type,int_group,int_priority,int_hdr_history,int_dta_history,int_fil_path,int_fil_prefix,int_fil_sequence,int_fil_extension,int_opr_alert,int_ema_group,int_search,int_procedure,int_status,int_usr_invocation,int_usr_validation,int_usr_message,int_lod_type,int_lod_group) values ('QU3CDW30','Quofore - Wrigley New Zealand - TaskAssignment','*INBOUND','IB_QU3',1,7,7,'ICS_QU3CDW30',null,null,null,null,'group_anz_venus_production_notification@effem.com',null,'ods_app.qu3_qu3cdw30','1','0',null,null,'*POLL','FP_QU3')
*
ERROR at line 1:
ORA-00001: unique constraint (LICS.LICS_INTERFACE_PK) violated 


SQL> insert into lics_interface (int_interface,int_description,int_type,int_group,int_priority,int_hdr_history,int_dta_history,int_fil_path,int_fil_prefix,int_fil_sequence,int_fil_extension,int_opr_alert,int_ema_group,int_search,int_procedure,int_status,int_usr_invocation,int_usr_validation,int_usr_message,int_lod_type,int_lod_group) values ('QU3CDW31','Quofore - Wrigley New Zealand - TaskCustomer','*INBOUND','IB_QU3',1,7,7,'ICS_QU3CDW31',null,null,null,null,'group_anz_venus_production_notification@effem.com',null,'ods_app.qu3_qu3cdw31','1','0',null,null,'*POLL','FP_QU3');
insert into lics_interface (int_interface,int_description,int_type,int_group,int_priority,int_hdr_history,int_dta_history,int_fil_path,int_fil_prefix,int_fil_sequence,int_fil_extension,int_opr_alert,int_ema_group,int_search,int_procedure,int_status,int_usr_invocation,int_usr_validation,int_usr_message,int_lod_type,int_lod_group) values ('QU3CDW31','Quofore - Wrigley New Zealand - TaskCustomer','*INBOUND','IB_QU3',1,7,7,'ICS_QU3CDW31',null,null,null,null,'group_anz_venus_production_notification@effem.com',null,'ods_app.qu3_qu3cdw31','1','0',null,null,'*POLL','FP_QU3')
*
ERROR at line 1:
ORA-00001: unique constraint (LICS.LICS_INTERFACE_PK) violated 


SQL> insert into lics_interface (int_interface,int_description,int_type,int_group,int_priority,int_hdr_history,int_dta_history,int_fil_path,int_fil_prefix,int_fil_sequence,int_fil_extension,int_opr_alert,int_ema_group,int_search,int_procedure,int_status,int_usr_invocation,int_usr_validation,int_usr_message,int_lod_type,int_lod_group) values ('QU3CDW32','Quofore - Wrigley New Zealand - TaskProduct','*INBOUND','IB_QU3',1,7,7,'ICS_QU3CDW32',null,null,null,null,'group_anz_venus_production_notification@effem.com',null,'ods_app.qu3_qu3cdw32','1','0',null,null,'*POLL','FP_QU3');
insert into lics_interface (int_interface,int_description,int_type,int_group,int_priority,int_hdr_history,int_dta_history,int_fil_path,int_fil_prefix,int_fil_sequence,int_fil_extension,int_opr_alert,int_ema_group,int_search,int_procedure,int_status,int_usr_invocation,int_usr_validation,int_usr_message,int_lod_type,int_lod_group) values ('QU3CDW32','Quofore - Wrigley New Zealand - TaskProduct','*INBOUND','IB_QU3',1,7,7,'ICS_QU3CDW32',null,null,null,null,'group_anz_venus_production_notification@effem.com',null,'ods_app.qu3_qu3cdw32','1','0',null,null,'*POLL','FP_QU3')
*
ERROR at line 1:
ORA-00001: unique constraint (LICS.LICS_INTERFACE_PK) violated 


SQL> insert into lics_interface (int_interface,int_description,int_type,int_group,int_priority,int_hdr_history,int_dta_history,int_fil_path,int_fil_prefix,int_fil_sequence,int_fil_extension,int_opr_alert,int_ema_group,int_search,int_procedure,int_status,int_usr_invocation,int_usr_validation,int_usr_message,int_lod_type,int_lod_group) values ('QU3CDW33','Quofore - Wrigley New Zealand - TaskSurvey','*INBOUND','IB_QU3',1,7,7,'ICS_QU3CDW33',null,null,null,null,'group_anz_venus_production_notification@effem.com',null,'ods_app.qu3_qu3cdw33','1','0',null,null,'*POLL','FP_QU3');
insert into lics_interface (int_interface,int_description,int_type,int_group,int_priority,int_hdr_history,int_dta_history,int_fil_path,int_fil_prefix,int_fil_sequence,int_fil_extension,int_opr_alert,int_ema_group,int_search,int_procedure,int_status,int_usr_invocation,int_usr_validation,int_usr_message,int_lod_type,int_lod_group) values ('QU3CDW33','Quofore - Wrigley New Zealand - TaskSurvey','*INBOUND','IB_QU3',1,7,7,'ICS_QU3CDW33',null,null,null,null,'group_anz_venus_production_notification@effem.com',null,'ods_app.qu3_qu3cdw33','1','0',null,null,'*POLL','FP_QU3')
*
ERROR at line 1:
ORA-00001: unique constraint (LICS.LICS_INTERFACE_PK) violated 


SQL> insert into lics_interface (int_interface,int_description,int_type,int_group,int_priority,int_hdr_history,int_dta_history,int_fil_path,int_fil_prefix,int_fil_sequence,int_fil_extension,int_opr_alert,int_ema_group,int_search,int_procedure,int_status,int_usr_invocation,int_usr_validation,int_usr_message,int_lod_type,int_lod_group) values ('QU3CDW34','Quofore - Wrigley New Zealand - ActivityHeader','*INBOUND','IB_QU3',1,7,7,'ICS_QU3CDW34',null,null,null,null,'group_anz_venus_production_notification@effem.com',null,'ods_app.qu3_qu3cdw34','1','0',null,null,'*POLL','FP_QU3');
insert into lics_interface (int_interface,int_description,int_type,int_group,int_priority,int_hdr_history,int_dta_history,int_fil_path,int_fil_prefix,int_fil_sequence,int_fil_extension,int_opr_alert,int_ema_group,int_search,int_procedure,int_status,int_usr_invocation,int_usr_validation,int_usr_message,int_lod_type,int_lod_group) values ('QU3CDW34','Quofore - Wrigley New Zealand - ActivityHeader','*INBOUND','IB_QU3',1,7,7,'ICS_QU3CDW34',null,null,null,null,'group_anz_venus_production_notification@effem.com',null,'ods_app.qu3_qu3cdw34','1','0',null,null,'*POLL','FP_QU3')
*
ERROR at line 1:
ORA-00001: unique constraint (LICS.LICS_INTERFACE_PK) violated 


SQL> insert into lics_interface (int_interface,int_description,int_type,int_group,int_priority,int_hdr_history,int_dta_history,int_fil_path,int_fil_prefix,int_fil_sequence,int_fil_extension,int_opr_alert,int_ema_group,int_search,int_procedure,int_status,int_usr_invocation,int_usr_validation,int_usr_message,int_lod_type,int_lod_group) values ('QU3CDW35','Quofore - Wrigley New Zealand - ActivityDetail_HotSpot','*INBOUND','IB_QU3',1,7,7,'ICS_QU3CDW35',null,null,null,null,'group_anz_venus_production_notification@effem.com',null,'ods_app.qu3_qu3cdw35','1','0',null,null,'*POLL','FP_QU3');
insert into lics_interface (int_interface,int_description,int_type,int_group,int_priority,int_hdr_history,int_dta_history,int_fil_path,int_fil_prefix,int_fil_sequence,int_fil_extension,int_opr_alert,int_ema_group,int_search,int_procedure,int_status,int_usr_invocation,int_usr_validation,int_usr_message,int_lod_type,int_lod_group) values ('QU3CDW35','Quofore - Wrigley New Zealand - ActivityDetail_HotSpot','*INBOUND','IB_QU3',1,7,7,'ICS_QU3CDW35',null,null,null,null,'group_anz_venus_production_notification@effem.com',null,'ods_app.qu3_qu3cdw35','1','0',null,null,'*POLL','FP_QU3')
*
ERROR at line 1:
ORA-00001: unique constraint (LICS.LICS_INTERFACE_PK) violated 


SQL> insert into lics_interface (int_interface,int_description,int_type,int_group,int_priority,int_hdr_history,int_dta_history,int_fil_path,int_fil_prefix,int_fil_sequence,int_fil_extension,int_opr_alert,int_ema_group,int_search,int_procedure,int_status,int_usr_invocation,int_usr_validation,int_usr_message,int_lod_type,int_lod_group) values ('QU3CDW36','Quofore - Wrigley New Zealand - ActivityDetail_GPA','*INBOUND','IB_QU3',1,7,7,'ICS_QU3CDW36',null,null,null,null,'group_anz_venus_production_notification@effem.com',null,'ods_app.qu3_qu3cdw36','1','0',null,null,'*POLL','FP_QU3');
insert into lics_interface (int_interface,int_description,int_type,int_group,int_priority,int_hdr_history,int_dta_history,int_fil_path,int_fil_prefix,int_fil_sequence,int_fil_extension,int_opr_alert,int_ema_group,int_search,int_procedure,int_status,int_usr_invocation,int_usr_validation,int_usr_message,int_lod_type,int_lod_group) values ('QU3CDW36','Quofore - Wrigley New Zealand - ActivityDetail_GPA','*INBOUND','IB_QU3',1,7,7,'ICS_QU3CDW36',null,null,null,null,'group_anz_venus_production_notification@effem.com',null,'ods_app.qu3_qu3cdw36','1','0',null,null,'*POLL','FP_QU3')
*
ERROR at line 1:
ORA-00001: unique constraint (LICS.LICS_INTERFACE_PK) violated 


SQL> insert into lics_interface (int_interface,int_description,int_type,int_group,int_priority,int_hdr_history,int_dta_history,int_fil_path,int_fil_prefix,int_fil_sequence,int_fil_extension,int_opr_alert,int_ema_group,int_search,int_procedure,int_status,int_usr_invocation,int_usr_validation,int_usr_message,int_lod_type,int_lod_group) values ('QU3CDW37','Quofore - Wrigley New Zealand - ActivityDetail_Ranging','*INBOUND','IB_QU3',1,7,7,'ICS_QU3CDW37',null,null,null,null,'group_anz_venus_production_notification@effem.com',null,'ods_app.qu3_qu3cdw37','1','0',null,null,'*POLL','FP_QU3');
insert into lics_interface (int_interface,int_description,int_type,int_group,int_priority,int_hdr_history,int_dta_history,int_fil_path,int_fil_prefix,int_fil_sequence,int_fil_extension,int_opr_alert,int_ema_group,int_search,int_procedure,int_status,int_usr_invocation,int_usr_validation,int_usr_message,int_lod_type,int_lod_group) values ('QU3CDW37','Quofore - Wrigley New Zealand - ActivityDetail_Ranging','*INBOUND','IB_QU3',1,7,7,'ICS_QU3CDW37',null,null,null,null,'group_anz_venus_production_notification@effem.com',null,'ods_app.qu3_qu3cdw37','1','0',null,null,'*POLL','FP_QU3')
*
ERROR at line 1:
ORA-00001: unique constraint (LICS.LICS_INTERFACE_PK) violated 


SQL> insert into lics_interface (int_interface,int_description,int_type,int_group,int_priority,int_hdr_history,int_dta_history,int_fil_path,int_fil_prefix,int_fil_sequence,int_fil_extension,int_opr_alert,int_ema_group,int_search,int_procedure,int_status,int_usr_invocation,int_usr_validation,int_usr_message,int_lod_type,int_lod_group) values ('QU3CDW38','Quofore - Wrigley New Zealand - ActivityDetail_POS','*INBOUND','IB_QU3',1,7,7,'ICS_QU3CDW38',null,null,null,null,'group_anz_venus_production_notification@effem.com',null,'ods_app.qu3_qu3cdw38','1','0',null,null,'*POLL','FP_QU3');
insert into lics_interface (int_interface,int_description,int_type,int_group,int_priority,int_hdr_history,int_dta_history,int_fil_path,int_fil_prefix,int_fil_sequence,int_fil_extension,int_opr_alert,int_ema_group,int_search,int_procedure,int_status,int_usr_invocation,int_usr_validation,int_usr_message,int_lod_type,int_lod_group) values ('QU3CDW38','Quofore - Wrigley New Zealand - ActivityDetail_POS','*INBOUND','IB_QU3',1,7,7,'ICS_QU3CDW38',null,null,null,null,'group_anz_venus_production_notification@effem.com',null,'ods_app.qu3_qu3cdw38','1','0',null,null,'*POLL','FP_QU3')
*
ERROR at line 1:
ORA-00001: unique constraint (LICS.LICS_INTERFACE_PK) violated 


SQL> insert into lics_interface (int_interface,int_description,int_type,int_group,int_priority,int_hdr_history,int_dta_history,int_fil_path,int_fil_prefix,int_fil_sequence,int_fil_extension,int_opr_alert,int_ema_group,int_search,int_procedure,int_status,int_usr_invocation,int_usr_validation,int_usr_message,int_lod_type,int_lod_group) values ('QU3CDW39','Quofore - Wrigley New Zealand - ActivityDetail_OffLocation','*INBOUND','IB_QU3',1,7,7,'ICS_QU3CDW39',null,null,null,null,'group_anz_venus_production_notification@effem.com',null,'ods_app.qu3_qu3cdw39','1','0',null,null,'*POLL','FP_QU3');
insert into lics_interface (int_interface,int_description,int_type,int_group,int_priority,int_hdr_history,int_dta_history,int_fil_path,int_fil_prefix,int_fil_sequence,int_fil_extension,int_opr_alert,int_ema_group,int_search,int_procedure,int_status,int_usr_invocation,int_usr_validation,int_usr_message,int_lod_type,int_lod_group) values ('QU3CDW39','Quofore - Wrigley New Zealand - ActivityDetail_OffLocation','*INBOUND','IB_QU3',1,7,7,'ICS_QU3CDW39',null,null,null,null,'group_anz_venus_production_notification@effem.com',null,'ods_app.qu3_qu3cdw39','1','0',null,null,'*POLL','FP_QU3')
*
ERROR at line 1:
ORA-00001: unique constraint (LICS.LICS_INTERFACE_PK) violated 


SQL> insert into lics_interface (int_interface,int_description,int_type,int_group,int_priority,int_hdr_history,int_dta_history,int_fil_path,int_fil_prefix,int_fil_sequence,int_fil_extension,int_opr_alert,int_ema_group,int_search,int_procedure,int_status,int_usr_invocation,int_usr_validation,int_usr_message,int_lod_type,int_lod_group) values ('QU3CDW40','Quofore - Wrigley New Zealand - SurveyAnswer','*INBOUND','IB_QU3',1,7,7,'ICS_QU3CDW40',null,null,null,null,'group_anz_venus_production_notification@effem.com',null,'ods_app.qu3_qu3cdw40','1','0',null,null,'*POLL','FP_QU3');
insert into lics_interface (int_interface,int_description,int_type,int_group,int_priority,int_hdr_history,int_dta_history,int_fil_path,int_fil_prefix,int_fil_sequence,int_fil_extension,int_opr_alert,int_ema_group,int_search,int_procedure,int_status,int_usr_invocation,int_usr_validation,int_usr_message,int_lod_type,int_lod_group) values ('QU3CDW40','Quofore - Wrigley New Zealand - SurveyAnswer','*INBOUND','IB_QU3',1,7,7,'ICS_QU3CDW40',null,null,null,null,'group_anz_venus_production_notification@effem.com',null,'ods_app.qu3_qu3cdw40','1','0',null,null,'*POLL','FP_QU3')
*
ERROR at line 1:
ORA-00001: unique constraint (LICS.LICS_INTERFACE_PK) violated 


SQL> insert into lics_interface (int_interface,int_description,int_type,int_group,int_priority,int_hdr_history,int_dta_history,int_fil_path,int_fil_prefix,int_fil_sequence,int_fil_extension,int_opr_alert,int_ema_group,int_search,int_procedure,int_status,int_usr_invocation,int_usr_validation,int_usr_message,int_lod_type,int_lod_group) values ('QU3CDW41','Quofore - Wrigley New Zealand - Graveyard','*INBOUND','IB_QU3',1,7,7,'ICS_QU3CDW41',null,null,null,null,'group_anz_venus_production_notification@effem.com',null,'ods_app.qu3_qu3cdw41','1','0',null,null,'*POLL','FP_QU3');
insert into lics_interface (int_interface,int_description,int_type,int_group,int_priority,int_hdr_history,int_dta_history,int_fil_path,int_fil_prefix,int_fil_sequence,int_fil_extension,int_opr_alert,int_ema_group,int_search,int_procedure,int_status,int_usr_invocation,int_usr_validation,int_usr_message,int_lod_type,int_lod_group) values ('QU3CDW41','Quofore - Wrigley New Zealand - Graveyard','*INBOUND','IB_QU3',1,7,7,'ICS_QU3CDW41',null,null,null,null,'group_anz_venus_production_notification@effem.com',null,'ods_app.qu3_qu3cdw41','1','0',null,null,'*POLL','FP_QU3')
*
ERROR at line 1:
ORA-00001: unique constraint (LICS.LICS_INTERFACE_PK) violated 


SQL> insert into lics_interface (int_interface,int_description,int_type,int_group,int_priority,int_hdr_history,int_dta_history,int_fil_path,int_fil_prefix,int_fil_sequence,int_fil_extension,int_opr_alert,int_ema_group,int_search,int_procedure,int_status,int_usr_invocation,int_usr_validation,int_usr_message,int_lod_type,int_lod_group) values ('QU3CDW42','Quofore - Wrigley New Zealand - ActivityDetail_HWAuditGroc','*INBOUND','IB_QU3',1,7,7,'ICS_QU3CDW42',null,null,null,null,'group_anz_venus_production_notification@effem.com',null,'ods_app.qu3_qu3cdw42','1','0',null,null,'*POLL','FP_QU3');
insert into lics_interface (int_interface,int_description,int_type,int_group,int_priority,int_hdr_history,int_dta_history,int_fil_path,int_fil_prefix,int_fil_sequence,int_fil_extension,int_opr_alert,int_ema_group,int_search,int_procedure,int_status,int_usr_invocation,int_usr_validation,int_usr_message,int_lod_type,int_lod_group) values ('QU3CDW42','Quofore - Wrigley New Zealand - ActivityDetail_HWAuditGroc','*INBOUND','IB_QU3',1,7,7,'ICS_QU3CDW42',null,null,null,null,'group_anz_venus_production_notification@effem.com',null,'ods_app.qu3_qu3cdw42','1','0',null,null,'*POLL','FP_QU3')
*
ERROR at line 1:
ORA-00001: unique constraint (LICS.LICS_INTERFACE_PK) violated 


SQL> insert into lics_interface (int_interface,int_description,int_type,int_group,int_priority,int_hdr_history,int_dta_history,int_fil_path,int_fil_prefix,int_fil_sequence,int_fil_extension,int_opr_alert,int_ema_group,int_search,int_procedure,int_status,int_usr_invocation,int_usr_validation,int_usr_message,int_lod_type,int_lod_group) values ('QU3CDW43','Quofore - Wrigley New Zealand - ActivityDetail_HardwareAuditRoute','*INBOUND','IB_QU3',1,7,7,'ICS_QU3CDW43',null,null,null,null,'group_anz_venus_production_notification@effem.com',null,'ods_app.qu3_qu3cdw43','1','0',null,null,'*POLL','FP_QU3');
insert into lics_interface (int_interface,int_description,int_type,int_group,int_priority,int_hdr_history,int_dta_history,int_fil_path,int_fil_prefix,int_fil_sequence,int_fil_extension,int_opr_alert,int_ema_group,int_search,int_procedure,int_status,int_usr_invocation,int_usr_validation,int_usr_message,int_lod_type,int_lod_group) values ('QU3CDW43','Quofore - Wrigley New Zealand - ActivityDetail_HardwareAuditRoute','*INBOUND','IB_QU3',1,7,7,'ICS_QU3CDW43',null,null,null,null,'group_anz_venus_production_notification@effem.com',null,'ods_app.qu3_qu3cdw43','1','0',null,null,'*POLL','FP_QU3')
*
ERROR at line 1:
ORA-00001: unique constraint (LICS.LICS_INTERFACE_PK) violated 


SQL> insert into lics_interface (int_interface,int_description,int_type,int_group,int_priority,int_hdr_history,int_dta_history,int_fil_path,int_fil_prefix,int_fil_sequence,int_fil_extension,int_opr_alert,int_ema_group,int_search,int_procedure,int_status,int_usr_invocation,int_usr_validation,int_usr_message,int_lod_type,int_lod_group) values ('QU3CDW44','Quofore - Wrigley New Zealand - ActivityDetail_StoreOppGrocery','*INBOUND','IB_QU3',1,7,7,'ICS_QU3CDW44',null,null,null,null,'group_anz_venus_production_notification@effem.com',null,'ods_app.qu3_qu3cdw44','1','0',null,null,'*POLL','FP_QU3');
insert into lics_interface (int_interface,int_description,int_type,int_group,int_priority,int_hdr_history,int_dta_history,int_fil_path,int_fil_prefix,int_fil_sequence,int_fil_extension,int_opr_alert,int_ema_group,int_search,int_procedure,int_status,int_usr_invocation,int_usr_validation,int_usr_message,int_lod_type,int_lod_group) values ('QU3CDW44','Quofore - Wrigley New Zealand - ActivityDetail_StoreOppGrocery','*INBOUND','IB_QU3',1,7,7,'ICS_QU3CDW44',null,null,null,null,'group_anz_venus_production_notification@effem.com',null,'ods_app.qu3_qu3cdw44','1','0',null,null,'*POLL','FP_QU3')
*
ERROR at line 1:
ORA-00001: unique constraint (LICS.LICS_INTERFACE_PK) violated 


SQL> insert into lics_interface (int_interface,int_description,int_type,int_group,int_priority,int_hdr_history,int_dta_history,int_fil_path,int_fil_prefix,int_fil_sequence,int_fil_extension,int_opr_alert,int_ema_group,int_search,int_procedure,int_status,int_usr_invocation,int_usr_validation,int_usr_message,int_lod_type,int_lod_group) values ('QU3CDW45','Quofore - Wrigley New Zealand - ActivityDetail_StoreOppRoute','*INBOUND','IB_QU3',1,7,7,'ICS_QU3CDW45',null,null,null,null,'group_anz_venus_production_notification@effem.com',null,'ods_app.qu3_qu3cdw45','1','0',null,null,'*POLL','FP_QU3');
insert into lics_interface (int_interface,int_description,int_type,int_group,int_priority,int_hdr_history,int_dta_history,int_fil_path,int_fil_prefix,int_fil_sequence,int_fil_extension,int_opr_alert,int_ema_group,int_search,int_procedure,int_status,int_usr_invocation,int_usr_validation,int_usr_message,int_lod_type,int_lod_group) values ('QU3CDW45','Quofore - Wrigley New Zealand - ActivityDetail_StoreOppRoute','*INBOUND','IB_QU3',1,7,7,'ICS_QU3CDW45',null,null,null,null,'group_anz_venus_production_notification@effem.com',null,'ods_app.qu3_qu3cdw45','1','0',null,null,'*POLL','FP_QU3')
*
ERROR at line 1:
ORA-00001: unique constraint (LICS.LICS_INTERFACE_PK) violated 


SQL> insert into lics_interface (int_interface,int_description,int_type,int_group,int_priority,int_hdr_history,int_dta_history,int_fil_path,int_fil_prefix,int_fil_sequence,int_fil_extension,int_opr_alert,int_ema_group,int_search,int_procedure,int_status,int_usr_invocation,int_usr_validation,int_usr_message,int_lod_type,int_lod_group) values ('QU3CDW46','Quofore - Wrigley New Zealand - ActivityDetail_TopSkuAudit','*INBOUND','IB_QU3',1,7,7,'ICS_QU3CDW46',null,null,null,null,'group_anz_venus_production_notification@effem.com',null,'ods_app.qu3_qu3cdw46','1','0',null,null,'*POLL','FP_QU3');
insert into lics_interface (int_interface,int_description,int_type,int_group,int_priority,int_hdr_history,int_dta_history,int_fil_path,int_fil_prefix,int_fil_sequence,int_fil_extension,int_opr_alert,int_ema_group,int_search,int_procedure,int_status,int_usr_invocation,int_usr_validation,int_usr_message,int_lod_type,int_lod_group) values ('QU3CDW46','Quofore - Wrigley New Zealand - ActivityDetail_TopSkuAudit','*INBOUND','IB_QU3',1,7,7,'ICS_QU3CDW46',null,null,null,null,'group_anz_venus_production_notification@effem.com',null,'ods_app.qu3_qu3cdw46','1','0',null,null,'*POLL','FP_QU3')
*
ERROR at line 1:
ORA-00001: unique constraint (LICS.LICS_INTERFACE_PK) violated 


SQL> insert into lics_interface (int_interface,int_description,int_type,int_group,int_priority,int_hdr_history,int_dta_history,int_fil_path,int_fil_prefix,int_fil_sequence,int_fil_extension,int_opr_alert,int_ema_group,int_search,int_procedure,int_status,int_usr_invocation,int_usr_validation,int_usr_message,int_lod_type,int_lod_group) values ('QU3CDW47','Quofore - Wrigley New Zealand - ActivityDetail_PackagingChgAudit','*INBOUND','IB_QU3',1,7,7,'ICS_QU3CDW47',null,null,null,null,'group_anz_venus_production_notification@effem.com',null,'ods_app.qu3_qu3cdw47','1','0',null,null,'*POLL','FP_QU3');

1 row created.

SQL> -- router
SQL> insert into lics_interface (int_interface,int_description,int_type,int_group,int_priority,int_hdr_history,int_dta_history,int_fil_path,int_fil_prefix,int_fil_sequence,int_fil_extension,int_opr_alert,int_ema_group,int_search,int_procedure,int_status,int_usr_invocation,int_usr_validation,int_usr_message,int_lod_type,int_lod_group) values ('QU3CDW99','Quofore - Wrigley New Zealand - Interface *ROUTER','*INBOUND','IB_QU3',1,7,7,'ICS_QU3CDW99',null,null,null,null,'group_anz_venus_production_notification@effem.com',null,'ods_app.qu3_qu3cdw99','1','0',null,null,'*POLL','FP_QU3');
insert into lics_interface (int_interface,int_description,int_type,int_group,int_priority,int_hdr_history,int_dta_history,int_fil_path,int_fil_prefix,int_fil_sequence,int_fil_extension,int_opr_alert,int_ema_group,int_search,int_procedure,int_status,int_usr_invocation,int_usr_validation,int_usr_message,int_lod_type,int_lod_group) values ('QU3CDW99','Quofore - Wrigley New Zealand - Interface *ROUTER','*INBOUND','IB_QU3',1,7,7,'ICS_QU3CDW99',null,null,null,null,'group_anz_venus_production_notification@effem.com',null,'ods_app.qu3_qu3cdw99','1','0',null,null,'*POLL','FP_QU3')
*
ERROR at line 1:
ORA-00001: unique constraint (LICS.LICS_INTERFACE_PK) violated 


SQL> commit;

Commit complete.

SQL> 
SQL> -- UPDATE (where already CREATED)
SQL> 
SQL> -- deactivate existing
SQL> update lics_interface
  2  set int_status = '0'
  3  where int_interface like 'QU3CDW%';

49 rows updated.

SQL> 
SQL> -- updates interfaces
SQL> update lics_interface
  2  set
  3    int_description = 'Quofore - Wrigley New Zealand - Digest',
  4    int_type = '*INBOUND',
  5    int_group = 'IB_QU3',
  6    int_priority = 1,
  7    int_hdr_history = 7,
  8    int_dta_history = 7,
  9    int_fil_path = 'ICS_QU3CDW00',
 10    int_fil_prefix = null,
 11    int_fil_sequence = null,
 12    int_fil_extension = null,
 13    int_opr_alert = null,
 14    int_ema_group = 'group_anz_venus_production_notification@effem.com',
 15    int_search = null,
 16    int_procedure = 'ods_app.qu3_qu3cdw00',
 17    int_status = '1',
 18    int_usr_invocation = '0',
 19    int_usr_validation = null,
 20    int_usr_message = null,
 21    int_lod_type = '*POLL',
 22    int_lod_group = 'FP_QU3'
 23  where int_interface = 'QU3CDW00';

1 row updated.

SQL> 
SQL> update lics_interface
  2  set
  3    int_description = 'Quofore - Wrigley New Zealand - Hierarchy',
  4    int_type = '*INBOUND',
  5    int_group = 'IB_QU3',
  6    int_priority = 1,
  7    int_hdr_history = 7,
  8    int_dta_history = 7,
  9    int_fil_path = 'ICS_QU3CDW01',
 10    int_fil_prefix = null,
 11    int_fil_sequence = null,
 12    int_fil_extension = null,
 13    int_opr_alert = null,
 14    int_ema_group = 'group_anz_venus_production_notification@effem.com',
 15    int_search = null,
 16    int_procedure = 'ods_app.qu3_qu3cdw01',
 17    int_status = '1',
 18    int_usr_invocation = '0',
 19    int_usr_validation = null,
 20    int_usr_message = null,
 21    int_lod_type = '*POLL',
 22    int_lod_group = 'FP_QU3'
 23  where int_interface = 'QU3CDW01';

1 row updated.

SQL> 
SQL> update lics_interface
  2  set
  3    int_description = 'Quofore - Wrigley New Zealand - GeneralList',
  4    int_type = '*INBOUND',
  5    int_group = 'IB_QU3',
  6    int_priority = 1,
  7    int_hdr_history = 7,
  8    int_dta_history = 7,
  9    int_fil_path = 'ICS_QU3CDW02',
 10    int_fil_prefix = null,
 11    int_fil_sequence = null,
 12    int_fil_extension = null,
 13    int_opr_alert = null,
 14    int_ema_group = 'group_anz_venus_production_notification@effem.com',
 15    int_search = null,
 16    int_procedure = 'ods_app.qu3_qu3cdw02',
 17    int_status = '1',
 18    int_usr_invocation = '0',
 19    int_usr_validation = null,
 20    int_usr_message = null,
 21    int_lod_type = '*POLL',
 22    int_lod_group = 'FP_QU3'
 23  where int_interface = 'QU3CDW02';

1 row updated.

SQL> 
SQL> update lics_interface
  2  set
  3    int_description = 'Quofore - Wrigley New Zealand - Role',
  4    int_type = '*INBOUND',
  5    int_group = 'IB_QU3',
  6    int_priority = 1,
  7    int_hdr_history = 7,
  8    int_dta_history = 7,
  9    int_fil_path = 'ICS_QU3CDW03',
 10    int_fil_prefix = null,
 11    int_fil_sequence = null,
 12    int_fil_extension = null,
 13    int_opr_alert = null,
 14    int_ema_group = 'group_anz_venus_production_notification@effem.com',
 15    int_search = null,
 16    int_procedure = 'ods_app.qu3_qu3cdw03',
 17    int_status = '1',
 18    int_usr_invocation = '0',
 19    int_usr_validation = null,
 20    int_usr_message = null,
 21    int_lod_type = '*POLL',
 22    int_lod_group = 'FP_QU3'
 23  where int_interface = 'QU3CDW03';

1 row updated.

SQL> 
SQL> update lics_interface
  2  set
  3    int_description = 'Quofore - Wrigley New Zealand - Position',
  4    int_type = '*INBOUND',
  5    int_group = 'IB_QU3',
  6    int_priority = 1,
  7    int_hdr_history = 7,
  8    int_dta_history = 7,
  9    int_fil_path = 'ICS_QU3CDW04',
 10    int_fil_prefix = null,
 11    int_fil_sequence = null,
 12    int_fil_extension = null,
 13    int_opr_alert = null,
 14    int_ema_group = 'group_anz_venus_production_notification@effem.com',
 15    int_search = null,
 16    int_procedure = 'ods_app.qu3_qu3cdw04',
 17    int_status = '1',
 18    int_usr_invocation = '0',
 19    int_usr_validation = null,
 20    int_usr_message = null,
 21    int_lod_type = '*POLL',
 22    int_lod_group = 'FP_QU3'
 23  where int_interface = 'QU3CDW04';

1 row updated.

SQL> 
SQL> update lics_interface
  2  set
  3    int_description = 'Quofore - Wrigley New Zealand - Rep',
  4    int_type = '*INBOUND',
  5    int_group = 'IB_QU3',
  6    int_priority = 1,
  7    int_hdr_history = 7,
  8    int_dta_history = 7,
  9    int_fil_path = 'ICS_QU3CDW05',
 10    int_fil_prefix = null,
 11    int_fil_sequence = null,
 12    int_fil_extension = null,
 13    int_opr_alert = null,
 14    int_ema_group = 'group_anz_venus_production_notification@effem.com',
 15    int_search = null,
 16    int_procedure = 'ods_app.qu3_qu3cdw05',
 17    int_status = '1',
 18    int_usr_invocation = '0',
 19    int_usr_validation = null,
 20    int_usr_message = null,
 21    int_lod_type = '*POLL',
 22    int_lod_group = 'FP_QU3'
 23  where int_interface = 'QU3CDW05';

1 row updated.

SQL> 
SQL> update lics_interface
  2  set
  3    int_description = 'Quofore - Wrigley New Zealand - RepAddress',
  4    int_type = '*INBOUND',
  5    int_group = 'IB_QU3',
  6    int_priority = 1,
  7    int_hdr_history = 7,
  8    int_dta_history = 7,
  9    int_fil_path = 'ICS_QU3CDW06',
 10    int_fil_prefix = null,
 11    int_fil_sequence = null,
 12    int_fil_extension = null,
 13    int_opr_alert = null,
 14    int_ema_group = 'group_anz_venus_production_notification@effem.com',
 15    int_search = null,
 16    int_procedure = 'ods_app.qu3_qu3cdw06',
 17    int_status = '1',
 18    int_usr_invocation = '0',
 19    int_usr_validation = null,
 20    int_usr_message = null,
 21    int_lod_type = '*POLL',
 22    int_lod_group = 'FP_QU3'
 23  where int_interface = 'QU3CDW06';

1 row updated.

SQL> 
SQL> update lics_interface
  2  set
  3    int_description = 'Quofore - Wrigley New Zealand - Product',
  4    int_type = '*INBOUND',
  5    int_group = 'IB_QU3',
  6    int_priority = 1,
  7    int_hdr_history = 7,
  8    int_dta_history = 7,
  9    int_fil_path = 'ICS_QU3CDW07',
 10    int_fil_prefix = null,
 11    int_fil_sequence = null,
 12    int_fil_extension = null,
 13    int_opr_alert = null,
 14    int_ema_group = 'group_anz_venus_production_notification@effem.com',
 15    int_search = null,
 16    int_procedure = 'ods_app.qu3_qu3cdw07',
 17    int_status = '1',
 18    int_usr_invocation = '0',
 19    int_usr_validation = null,
 20    int_usr_message = null,
 21    int_lod_type = '*POLL',
 22    int_lod_group = 'FP_QU3'
 23  where int_interface = 'QU3CDW07';

1 row updated.

SQL> 
SQL> update lics_interface
  2  set
  3    int_description = 'Quofore - Wrigley New Zealand - ProductBarcode',
  4    int_type = '*INBOUND',
  5    int_group = 'IB_QU3',
  6    int_priority = 1,
  7    int_hdr_history = 7,
  8    int_dta_history = 7,
  9    int_fil_path = 'ICS_QU3CDW08',
 10    int_fil_prefix = null,
 11    int_fil_sequence = null,
 12    int_fil_extension = null,
 13    int_opr_alert = null,
 14    int_ema_group = 'group_anz_venus_production_notification@effem.com',
 15    int_search = null,
 16    int_procedure = 'ods_app.qu3_qu3cdw08',
 17    int_status = '1',
 18    int_usr_invocation = '0',
 19    int_usr_validation = null,
 20    int_usr_message = null,
 21    int_lod_type = '*POLL',
 22    int_lod_group = 'FP_QU3'
 23  where int_interface = 'QU3CDW08';

1 row updated.

SQL> 
SQL> update lics_interface
  2  set
  3    int_description = 'Quofore - Wrigley New Zealand - Customer',
  4    int_type = '*INBOUND',
  5    int_group = 'IB_QU3',
  6    int_priority = 1,
  7    int_hdr_history = 7,
  8    int_dta_history = 7,
  9    int_fil_path = 'ICS_QU3CDW09',
 10    int_fil_prefix = null,
 11    int_fil_sequence = null,
 12    int_fil_extension = null,
 13    int_opr_alert = null,
 14    int_ema_group = 'group_anz_venus_production_notification@effem.com',
 15    int_search = null,
 16    int_procedure = 'ods_app.qu3_qu3cdw09',
 17    int_status = '1',
 18    int_usr_invocation = '0',
 19    int_usr_validation = null,
 20    int_usr_message = null,
 21    int_lod_type = '*POLL',
 22    int_lod_group = 'FP_QU3'
 23  where int_interface = 'QU3CDW09';

1 row updated.

SQL> 
SQL> update lics_interface
  2  set
  3    int_description = 'Quofore - Wrigley New Zealand - CustomerAddress',
  4    int_type = '*INBOUND',
  5    int_group = 'IB_QU3',
  6    int_priority = 1,
  7    int_hdr_history = 7,
  8    int_dta_history = 7,
  9    int_fil_path = 'ICS_QU3CDW10',
 10    int_fil_prefix = null,
 11    int_fil_sequence = null,
 12    int_fil_extension = null,
 13    int_opr_alert = null,
 14    int_ema_group = 'group_anz_venus_production_notification@effem.com',
 15    int_search = null,
 16    int_procedure = 'ods_app.qu3_qu3cdw10',
 17    int_status = '1',
 18    int_usr_invocation = '0',
 19    int_usr_validation = null,
 20    int_usr_message = null,
 21    int_lod_type = '*POLL',
 22    int_lod_group = 'FP_QU3'
 23  where int_interface = 'QU3CDW10';

1 row updated.

SQL> 
SQL> update lics_interface
  2  set
  3    int_description = 'Quofore - Wrigley New Zealand - CustomerNote',
  4    int_type = '*INBOUND',
  5    int_group = 'IB_QU3',
  6    int_priority = 1,
  7    int_hdr_history = 7,
  8    int_dta_history = 7,
  9    int_fil_path = 'ICS_QU3CDW11',
 10    int_fil_prefix = null,
 11    int_fil_sequence = null,
 12    int_fil_extension = null,
 13    int_opr_alert = null,
 14    int_ema_group = 'group_anz_venus_production_notification@effem.com',
 15    int_search = null,
 16    int_procedure = 'ods_app.qu3_qu3cdw11',
 17    int_status = '1',
 18    int_usr_invocation = '0',
 19    int_usr_validation = null,
 20    int_usr_message = null,
 21    int_lod_type = '*POLL',
 22    int_lod_group = 'FP_QU3'
 23  where int_interface = 'QU3CDW11';

1 row updated.

SQL> 
SQL> update lics_interface
  2  set
  3    int_description = 'Quofore - Wrigley New Zealand - CustomerContact',
  4    int_type = '*INBOUND',
  5    int_group = 'IB_QU3',
  6    int_priority = 1,
  7    int_hdr_history = 7,
  8    int_dta_history = 7,
  9    int_fil_path = 'ICS_QU3CDW12',
 10    int_fil_prefix = null,
 11    int_fil_sequence = null,
 12    int_fil_extension = null,
 13    int_opr_alert = null,
 14    int_ema_group = 'group_anz_venus_production_notification@effem.com',
 15    int_search = null,
 16    int_procedure = 'ods_app.qu3_qu3cdw12',
 17    int_status = '1',
 18    int_usr_invocation = '0',
 19    int_usr_validation = null,
 20    int_usr_message = null,
 21    int_lod_type = '*POLL',
 22    int_lod_group = 'FP_QU3'
 23  where int_interface = 'QU3CDW12';

1 row updated.

SQL> 
SQL> update lics_interface
  2  set
  3    int_description = 'Quofore - Wrigley New Zealand - CustomerVisitorDay',
  4    int_type = '*INBOUND',
  5    int_group = 'IB_QU3',
  6    int_priority = 1,
  7    int_hdr_history = 7,
  8    int_dta_history = 7,
  9    int_fil_path = 'ICS_QU3CDW13',
 10    int_fil_prefix = null,
 11    int_fil_sequence = null,
 12    int_fil_extension = null,
 13    int_opr_alert = null,
 14    int_ema_group = 'group_anz_venus_production_notification@effem.com',
 15    int_search = null,
 16    int_procedure = 'ods_app.qu3_qu3cdw13',
 17    int_status = '1',
 18    int_usr_invocation = '0',
 19    int_usr_validation = null,
 20    int_usr_message = null,
 21    int_lod_type = '*POLL',
 22    int_lod_group = 'FP_QU3'
 23  where int_interface = 'QU3CDW13';

1 row updated.

SQL> 
SQL> update lics_interface
  2  set
  3    int_description = 'Quofore - Wrigley New Zealand - AssortmentDetail',
  4    int_type = '*INBOUND',
  5    int_group = 'IB_QU3',
  6    int_priority = 1,
  7    int_hdr_history = 7,
  8    int_dta_history = 7,
  9    int_fil_path = 'ICS_QU3CDW14',
 10    int_fil_prefix = null,
 11    int_fil_sequence = null,
 12    int_fil_extension = null,
 13    int_opr_alert = null,
 14    int_ema_group = 'group_anz_venus_production_notification@effem.com',
 15    int_search = null,
 16    int_procedure = 'ods_app.qu3_qu3cdw14',
 17    int_status = '1',
 18    int_usr_invocation = '0',
 19    int_usr_validation = null,
 20    int_usr_message = null,
 21    int_lod_type = '*POLL',
 22    int_lod_group = 'FP_QU3'
 23  where int_interface = 'QU3CDW14';

1 row updated.

SQL> 
SQL> update lics_interface
  2  set
  3    int_description = 'Quofore - Wrigley New Zealand - CustomerAssortmentDetail',
  4    int_type = '*INBOUND',
  5    int_group = 'IB_QU3',
  6    int_priority = 1,
  7    int_hdr_history = 7,
  8    int_dta_history = 7,
  9    int_fil_path = 'ICS_QU3CDW15',
 10    int_fil_prefix = null,
 11    int_fil_sequence = null,
 12    int_fil_extension = null,
 13    int_opr_alert = null,
 14    int_ema_group = 'group_anz_venus_production_notification@effem.com',
 15    int_search = null,
 16    int_procedure = 'ods_app.qu3_qu3cdw15',
 17    int_status = '1',
 18    int_usr_invocation = '0',
 19    int_usr_validation = null,
 20    int_usr_message = null,
 21    int_lod_type = '*POLL',
 22    int_lod_group = 'FP_QU3'
 23  where int_interface = 'QU3CDW15';

1 row updated.

SQL> 
SQL> update lics_interface
  2  set
  3    int_description = 'Quofore - Wrigley New Zealand - ProductAssortmentDetail',
  4    int_type = '*INBOUND',
  5    int_group = 'IB_QU3',
  6    int_priority = 1,
  7    int_hdr_history = 7,
  8    int_dta_history = 7,
  9    int_fil_path = 'ICS_QU3CDW16',
 10    int_fil_prefix = null,
 11    int_fil_sequence = null,
 12    int_fil_extension = null,
 13    int_opr_alert = null,
 14    int_ema_group = 'group_anz_venus_production_notification@effem.com',
 15    int_search = null,
 16    int_procedure = 'ods_app.qu3_qu3cdw16',
 17    int_status = '1',
 18    int_usr_invocation = '0',
 19    int_usr_validation = null,
 20    int_usr_message = null,
 21    int_lod_type = '*POLL',
 22    int_lod_group = 'FP_QU3'
 23  where int_interface = 'QU3CDW16';

1 row updated.

SQL> 
SQL> update lics_interface
  2  set
  3    int_description = 'Quofore - Wrigley New Zealand - AuthorisedListProduct',
  4    int_type = '*INBOUND',
  5    int_group = 'IB_QU3',
  6    int_priority = 1,
  7    int_hdr_history = 7,
  8    int_dta_history = 7,
  9    int_fil_path = 'ICS_QU3CDW17',
 10    int_fil_prefix = null,
 11    int_fil_sequence = null,
 12    int_fil_extension = null,
 13    int_opr_alert = null,
 14    int_ema_group = 'group_anz_venus_production_notification@effem.com',
 15    int_search = null,
 16    int_procedure = 'ods_app.qu3_qu3cdw17',
 17    int_status = '1',
 18    int_usr_invocation = '0',
 19    int_usr_validation = null,
 20    int_usr_message = null,
 21    int_lod_type = '*POLL',
 22    int_lod_group = 'FP_QU3'
 23  where int_interface = 'QU3CDW17';

1 row updated.

SQL> 
SQL> update lics_interface
  2  set
  3    int_description = 'Quofore - Wrigley New Zealand - Appointment',
  4    int_type = '*INBOUND',
  5    int_group = 'IB_QU3',
  6    int_priority = 1,
  7    int_hdr_history = 7,
  8    int_dta_history = 7,
  9    int_fil_path = 'ICS_QU3CDW18',
 10    int_fil_prefix = null,
 11    int_fil_sequence = null,
 12    int_fil_extension = null,
 13    int_opr_alert = null,
 14    int_ema_group = 'group_anz_venus_production_notification@effem.com',
 15    int_search = null,
 16    int_procedure = 'ods_app.qu3_qu3cdw18',
 17    int_status = '1',
 18    int_usr_invocation = '0',
 19    int_usr_validation = null,
 20    int_usr_message = null,
 21    int_lod_type = '*POLL',
 22    int_lod_group = 'FP_QU3'
 23  where int_interface = 'QU3CDW18';

1 row updated.

SQL> 
SQL> update lics_interface
  2  set
  3    int_description = 'Quofore - Wrigley New Zealand - CallCard',
  4    int_type = '*INBOUND',
  5    int_group = 'IB_QU3',
  6    int_priority = 1,
  7    int_hdr_history = 7,
  8    int_dta_history = 7,
  9    int_fil_path = 'ICS_QU3CDW19',
 10    int_fil_prefix = null,
 11    int_fil_sequence = null,
 12    int_fil_extension = null,
 13    int_opr_alert = null,
 14    int_ema_group = 'group_anz_venus_production_notification@effem.com',
 15    int_search = null,
 16    int_procedure = 'ods_app.qu3_qu3cdw19',
 17    int_status = '1',
 18    int_usr_invocation = '0',
 19    int_usr_validation = null,
 20    int_usr_message = null,
 21    int_lod_type = '*POLL',
 22    int_lod_group = 'FP_QU3'
 23  where int_interface = 'QU3CDW19';

1 row updated.

SQL> 
SQL> update lics_interface
  2  set
  3    int_description = 'Quofore - Wrigley New Zealand - CallcardNote',
  4    int_type = '*INBOUND',
  5    int_group = 'IB_QU3',
  6    int_priority = 1,
  7    int_hdr_history = 7,
  8    int_dta_history = 7,
  9    int_fil_path = 'ICS_QU3CDW20',
 10    int_fil_prefix = null,
 11    int_fil_sequence = null,
 12    int_fil_extension = null,
 13    int_opr_alert = null,
 14    int_ema_group = 'group_anz_venus_production_notification@effem.com',
 15    int_search = null,
 16    int_procedure = 'ods_app.qu3_qu3cdw20',
 17    int_status = '1',
 18    int_usr_invocation = '0',
 19    int_usr_validation = null,
 20    int_usr_message = null,
 21    int_lod_type = '*POLL',
 22    int_lod_group = 'FP_QU3'
 23  where int_interface = 'QU3CDW20';

1 row updated.

SQL> 
SQL> update lics_interface
  2  set
  3    int_description = 'Quofore - Wrigley New Zealand - OrderHeader',
  4    int_type = '*INBOUND',
  5    int_group = 'IB_QU3',
  6    int_priority = 1,
  7    int_hdr_history = 7,
  8    int_dta_history = 7,
  9    int_fil_path = 'ICS_QU3CDW21',
 10    int_fil_prefix = null,
 11    int_fil_sequence = null,
 12    int_fil_extension = null,
 13    int_opr_alert = null,
 14    int_ema_group = 'group_anz_venus_production_notification@effem.com',
 15    int_search = null,
 16    int_procedure = 'ods_app.qu3_qu3cdw21',
 17    int_status = '1',
 18    int_usr_invocation = '0',
 19    int_usr_validation = null,
 20    int_usr_message = null,
 21    int_lod_type = '*POLL',
 22    int_lod_group = 'FP_QU3'
 23  where int_interface = 'QU3CDW21';

1 row updated.

SQL> 
SQL> update lics_interface
  2  set
  3    int_description = 'Quofore - Wrigley New Zealand - OrderDetail',
  4    int_type = '*INBOUND',
  5    int_group = 'IB_QU3',
  6    int_priority = 1,
  7    int_hdr_history = 7,
  8    int_dta_history = 7,
  9    int_fil_path = 'ICS_QU3CDW22',
 10    int_fil_prefix = null,
 11    int_fil_sequence = null,
 12    int_fil_extension = null,
 13    int_opr_alert = null,
 14    int_ema_group = 'group_anz_venus_production_notification@effem.com',
 15    int_search = null,
 16    int_procedure = 'ods_app.qu3_qu3cdw22',
 17    int_status = '1',
 18    int_usr_invocation = '0',
 19    int_usr_validation = null,
 20    int_usr_message = null,
 21    int_lod_type = '*POLL',
 22    int_lod_group = 'FP_QU3'
 23  where int_interface = 'QU3CDW22';

1 row updated.

SQL> 
SQL> update lics_interface
  2  set
  3    int_description = 'Quofore - Wrigley New Zealand - Territory',
  4    int_type = '*INBOUND',
  5    int_group = 'IB_QU3',
  6    int_priority = 1,
  7    int_hdr_history = 7,
  8    int_dta_history = 7,
  9    int_fil_path = 'ICS_QU3CDW23',
 10    int_fil_prefix = null,
 11    int_fil_sequence = null,
 12    int_fil_extension = null,
 13    int_opr_alert = null,
 14    int_ema_group = 'group_anz_venus_production_notification@effem.com',
 15    int_search = null,
 16    int_procedure = 'ods_app.qu3_qu3cdw23',
 17    int_status = '1',
 18    int_usr_invocation = '0',
 19    int_usr_validation = null,
 20    int_usr_message = null,
 21    int_lod_type = '*POLL',
 22    int_lod_group = 'FP_QU3'
 23  where int_interface = 'QU3CDW23';

1 row updated.

SQL> 
SQL> update lics_interface
  2  set
  3    int_description = 'Quofore - Wrigley New Zealand - CustomerTerritory',
  4    int_type = '*INBOUND',
  5    int_group = 'IB_QU3',
  6    int_priority = 1,
  7    int_hdr_history = 7,
  8    int_dta_history = 7,
  9    int_fil_path = 'ICS_QU3CDW24',
 10    int_fil_prefix = null,
 11    int_fil_sequence = null,
 12    int_fil_extension = null,
 13    int_opr_alert = null,
 14    int_ema_group = 'group_anz_venus_production_notification@effem.com',
 15    int_search = null,
 16    int_procedure = 'ods_app.qu3_qu3cdw24',
 17    int_status = '1',
 18    int_usr_invocation = '0',
 19    int_usr_validation = null,
 20    int_usr_message = null,
 21    int_lod_type = '*POLL',
 22    int_lod_group = 'FP_QU3'
 23  where int_interface = 'QU3CDW24';

1 row updated.

SQL> 
SQL> update lics_interface
  2  set
  3    int_description = 'Quofore - Wrigley New Zealand - PositionTerritory',
  4    int_type = '*INBOUND',
  5    int_group = 'IB_QU3',
  6    int_priority = 1,
  7    int_hdr_history = 7,
  8    int_dta_history = 7,
  9    int_fil_path = 'ICS_QU3CDW25',
 10    int_fil_prefix = null,
 11    int_fil_sequence = null,
 12    int_fil_extension = null,
 13    int_opr_alert = null,
 14    int_ema_group = 'group_anz_venus_production_notification@effem.com',
 15    int_search = null,
 16    int_procedure = 'ods_app.qu3_qu3cdw25',
 17    int_status = '1',
 18    int_usr_invocation = '0',
 19    int_usr_validation = null,
 20    int_usr_message = null,
 21    int_lod_type = '*POLL',
 22    int_lod_group = 'FP_QU3'
 23  where int_interface = 'QU3CDW25';

1 row updated.

SQL> 
SQL> update lics_interface
  2  set
  3    int_description = 'Quofore - Wrigley New Zealand - Survey',
  4    int_type = '*INBOUND',
  5    int_group = 'IB_QU3',
  6    int_priority = 1,
  7    int_hdr_history = 7,
  8    int_dta_history = 7,
  9    int_fil_path = 'ICS_QU3CDW26',
 10    int_fil_prefix = null,
 11    int_fil_sequence = null,
 12    int_fil_extension = null,
 13    int_opr_alert = null,
 14    int_ema_group = 'group_anz_venus_production_notification@effem.com',
 15    int_search = null,
 16    int_procedure = 'ods_app.qu3_qu3cdw26',
 17    int_status = '1',
 18    int_usr_invocation = '0',
 19    int_usr_validation = null,
 20    int_usr_message = null,
 21    int_lod_type = '*POLL',
 22    int_lod_group = 'FP_QU3'
 23  where int_interface = 'QU3CDW26';

1 row updated.

SQL> 
SQL> update lics_interface
  2  set
  3    int_description = 'Quofore - Wrigley New Zealand - SurveyQuestion',
  4    int_type = '*INBOUND',
  5    int_group = 'IB_QU3',
  6    int_priority = 1,
  7    int_hdr_history = 7,
  8    int_dta_history = 7,
  9    int_fil_path = 'ICS_QU3CDW27',
 10    int_fil_prefix = null,
 11    int_fil_sequence = null,
 12    int_fil_extension = null,
 13    int_opr_alert = null,
 14    int_ema_group = 'group_anz_venus_production_notification@effem.com',
 15    int_search = null,
 16    int_procedure = 'ods_app.qu3_qu3cdw27',
 17    int_status = '1',
 18    int_usr_invocation = '0',
 19    int_usr_validation = null,
 20    int_usr_message = null,
 21    int_lod_type = '*POLL',
 22    int_lod_group = 'FP_QU3'
 23  where int_interface = 'QU3CDW27';

1 row updated.

SQL> 
SQL> update lics_interface
  2  set
  3    int_description = 'Quofore - Wrigley New Zealand - ResponseOption',
  4    int_type = '*INBOUND',
  5    int_group = 'IB_QU3',
  6    int_priority = 1,
  7    int_hdr_history = 7,
  8    int_dta_history = 7,
  9    int_fil_path = 'ICS_QU3CDW28',
 10    int_fil_prefix = null,
 11    int_fil_sequence = null,
 12    int_fil_extension = null,
 13    int_opr_alert = null,
 14    int_ema_group = 'group_anz_venus_production_notification@effem.com',
 15    int_search = null,
 16    int_procedure = 'ods_app.qu3_qu3cdw28',
 17    int_status = '1',
 18    int_usr_invocation = '0',
 19    int_usr_validation = null,
 20    int_usr_message = null,
 21    int_lod_type = '*POLL',
 22    int_lod_group = 'FP_QU3'
 23  where int_interface = 'QU3CDW28';

1 row updated.

SQL> 
SQL> update lics_interface
  2  set
  3    int_description = 'Quofore - Wrigley New Zealand - Task',
  4    int_type = '*INBOUND',
  5    int_group = 'IB_QU3',
  6    int_priority = 1,
  7    int_hdr_history = 7,
  8    int_dta_history = 7,
  9    int_fil_path = 'ICS_QU3CDW29',
 10    int_fil_prefix = null,
 11    int_fil_sequence = null,
 12    int_fil_extension = null,
 13    int_opr_alert = null,
 14    int_ema_group = 'group_anz_venus_production_notification@effem.com',
 15    int_search = null,
 16    int_procedure = 'ods_app.qu3_qu3cdw29',
 17    int_status = '1',
 18    int_usr_invocation = '0',
 19    int_usr_validation = null,
 20    int_usr_message = null,
 21    int_lod_type = '*POLL',
 22    int_lod_group = 'FP_QU3'
 23  where int_interface = 'QU3CDW29';

1 row updated.

SQL> 
SQL> update lics_interface
  2  set
  3    int_description = 'Quofore - Wrigley New Zealand - TaskAssignment',
  4    int_type = '*INBOUND',
  5    int_group = 'IB_QU3',
  6    int_priority = 1,
  7    int_hdr_history = 7,
  8    int_dta_history = 7,
  9    int_fil_path = 'ICS_QU3CDW30',
 10    int_fil_prefix = null,
 11    int_fil_sequence = null,
 12    int_fil_extension = null,
 13    int_opr_alert = null,
 14    int_ema_group = 'group_anz_venus_production_notification@effem.com',
 15    int_search = null,
 16    int_procedure = 'ods_app.qu3_qu3cdw30',
 17    int_status = '1',
 18    int_usr_invocation = '0',
 19    int_usr_validation = null,
 20    int_usr_message = null,
 21    int_lod_type = '*POLL',
 22    int_lod_group = 'FP_QU3'
 23  where int_interface = 'QU3CDW30';

1 row updated.

SQL> 
SQL> update lics_interface
  2  set
  3    int_description = 'Quofore - Wrigley New Zealand - TaskCustomer',
  4    int_type = '*INBOUND',
  5    int_group = 'IB_QU3',
  6    int_priority = 1,
  7    int_hdr_history = 7,
  8    int_dta_history = 7,
  9    int_fil_path = 'ICS_QU3CDW31',
 10    int_fil_prefix = null,
 11    int_fil_sequence = null,
 12    int_fil_extension = null,
 13    int_opr_alert = null,
 14    int_ema_group = 'group_anz_venus_production_notification@effem.com',
 15    int_search = null,
 16    int_procedure = 'ods_app.qu3_qu3cdw31',
 17    int_status = '1',
 18    int_usr_invocation = '0',
 19    int_usr_validation = null,
 20    int_usr_message = null,
 21    int_lod_type = '*POLL',
 22    int_lod_group = 'FP_QU3'
 23  where int_interface = 'QU3CDW31';

1 row updated.

SQL> 
SQL> update lics_interface
  2  set
  3    int_description = 'Quofore - Wrigley New Zealand - TaskProduct',
  4    int_type = '*INBOUND',
  5    int_group = 'IB_QU3',
  6    int_priority = 1,
  7    int_hdr_history = 7,
  8    int_dta_history = 7,
  9    int_fil_path = 'ICS_QU3CDW32',
 10    int_fil_prefix = null,
 11    int_fil_sequence = null,
 12    int_fil_extension = null,
 13    int_opr_alert = null,
 14    int_ema_group = 'group_anz_venus_production_notification@effem.com',
 15    int_search = null,
 16    int_procedure = 'ods_app.qu3_qu3cdw32',
 17    int_status = '1',
 18    int_usr_invocation = '0',
 19    int_usr_validation = null,
 20    int_usr_message = null,
 21    int_lod_type = '*POLL',
 22    int_lod_group = 'FP_QU3'
 23  where int_interface = 'QU3CDW32';

1 row updated.

SQL> 
SQL> update lics_interface
  2  set
  3    int_description = 'Quofore - Wrigley New Zealand - TaskSurvey',
  4    int_type = '*INBOUND',
  5    int_group = 'IB_QU3',
  6    int_priority = 1,
  7    int_hdr_history = 7,
  8    int_dta_history = 7,
  9    int_fil_path = 'ICS_QU3CDW33',
 10    int_fil_prefix = null,
 11    int_fil_sequence = null,
 12    int_fil_extension = null,
 13    int_opr_alert = null,
 14    int_ema_group = 'group_anz_venus_production_notification@effem.com',
 15    int_search = null,
 16    int_procedure = 'ods_app.qu3_qu3cdw33',
 17    int_status = '1',
 18    int_usr_invocation = '0',
 19    int_usr_validation = null,
 20    int_usr_message = null,
 21    int_lod_type = '*POLL',
 22    int_lod_group = 'FP_QU3'
 23  where int_interface = 'QU3CDW33';

1 row updated.

SQL> 
SQL> update lics_interface
  2  set
  3    int_description = 'Quofore - Wrigley New Zealand - ActivityHeader',
  4    int_type = '*INBOUND',
  5    int_group = 'IB_QU3',
  6    int_priority = 1,
  7    int_hdr_history = 7,
  8    int_dta_history = 7,
  9    int_fil_path = 'ICS_QU3CDW34',
 10    int_fil_prefix = null,
 11    int_fil_sequence = null,
 12    int_fil_extension = null,
 13    int_opr_alert = null,
 14    int_ema_group = 'group_anz_venus_production_notification@effem.com',
 15    int_search = null,
 16    int_procedure = 'ods_app.qu3_qu3cdw34',
 17    int_status = '1',
 18    int_usr_invocation = '0',
 19    int_usr_validation = null,
 20    int_usr_message = null,
 21    int_lod_type = '*POLL',
 22    int_lod_group = 'FP_QU3'
 23  where int_interface = 'QU3CDW34';

1 row updated.

SQL> 
SQL> update lics_interface
  2  set
  3    int_description = 'Quofore - Wrigley New Zealand - ActivityDetail_HotSpot',
  4    int_type = '*INBOUND',
  5    int_group = 'IB_QU3',
  6    int_priority = 1,
  7    int_hdr_history = 7,
  8    int_dta_history = 7,
  9    int_fil_path = 'ICS_QU3CDW35',
 10    int_fil_prefix = null,
 11    int_fil_sequence = null,
 12    int_fil_extension = null,
 13    int_opr_alert = null,
 14    int_ema_group = 'group_anz_venus_production_notification@effem.com',
 15    int_search = null,
 16    int_procedure = 'ods_app.qu3_qu3cdw35',
 17    int_status = '1',
 18    int_usr_invocation = '0',
 19    int_usr_validation = null,
 20    int_usr_message = null,
 21    int_lod_type = '*POLL',
 22    int_lod_group = 'FP_QU3'
 23  where int_interface = 'QU3CDW35';

1 row updated.

SQL> 
SQL> update lics_interface
  2  set
  3    int_description = 'Quofore - Wrigley New Zealand - ActivityDetail_GPA',
  4    int_type = '*INBOUND',
  5    int_group = 'IB_QU3',
  6    int_priority = 1,
  7    int_hdr_history = 7,
  8    int_dta_history = 7,
  9    int_fil_path = 'ICS_QU3CDW36',
 10    int_fil_prefix = null,
 11    int_fil_sequence = null,
 12    int_fil_extension = null,
 13    int_opr_alert = null,
 14    int_ema_group = 'group_anz_venus_production_notification@effem.com',
 15    int_search = null,
 16    int_procedure = 'ods_app.qu3_qu3cdw36',
 17    int_status = '1',
 18    int_usr_invocation = '0',
 19    int_usr_validation = null,
 20    int_usr_message = null,
 21    int_lod_type = '*POLL',
 22    int_lod_group = 'FP_QU3'
 23  where int_interface = 'QU3CDW36';

1 row updated.

SQL> 
SQL> update lics_interface
  2  set
  3    int_description = 'Quofore - Wrigley New Zealand - ActivityDetail_Ranging',
  4    int_type = '*INBOUND',
  5    int_group = 'IB_QU3',
  6    int_priority = 1,
  7    int_hdr_history = 7,
  8    int_dta_history = 7,
  9    int_fil_path = 'ICS_QU3CDW37',
 10    int_fil_prefix = null,
 11    int_fil_sequence = null,
 12    int_fil_extension = null,
 13    int_opr_alert = null,
 14    int_ema_group = 'group_anz_venus_production_notification@effem.com',
 15    int_search = null,
 16    int_procedure = 'ods_app.qu3_qu3cdw37',
 17    int_status = '1',
 18    int_usr_invocation = '0',
 19    int_usr_validation = null,
 20    int_usr_message = null,
 21    int_lod_type = '*POLL',
 22    int_lod_group = 'FP_QU3'
 23  where int_interface = 'QU3CDW37';

1 row updated.

SQL> 
SQL> update lics_interface
  2  set
  3    int_description = 'Quofore - Wrigley New Zealand - ActivityDetail_POS',
  4    int_type = '*INBOUND',
  5    int_group = 'IB_QU3',
  6    int_priority = 1,
  7    int_hdr_history = 7,
  8    int_dta_history = 7,
  9    int_fil_path = 'ICS_QU3CDW38',
 10    int_fil_prefix = null,
 11    int_fil_sequence = null,
 12    int_fil_extension = null,
 13    int_opr_alert = null,
 14    int_ema_group = 'group_anz_venus_production_notification@effem.com',
 15    int_search = null,
 16    int_procedure = 'ods_app.qu3_qu3cdw38',
 17    int_status = '1',
 18    int_usr_invocation = '0',
 19    int_usr_validation = null,
 20    int_usr_message = null,
 21    int_lod_type = '*POLL',
 22    int_lod_group = 'FP_QU3'
 23  where int_interface = 'QU3CDW38';

1 row updated.

SQL> 
SQL> update lics_interface
  2  set
  3    int_description = 'Quofore - Wrigley New Zealand - ActivityDetail_OffLocation',
  4    int_type = '*INBOUND',
  5    int_group = 'IB_QU3',
  6    int_priority = 1,
  7    int_hdr_history = 7,
  8    int_dta_history = 7,
  9    int_fil_path = 'ICS_QU3CDW39',
 10    int_fil_prefix = null,
 11    int_fil_sequence = null,
 12    int_fil_extension = null,
 13    int_opr_alert = null,
 14    int_ema_group = 'group_anz_venus_production_notification@effem.com',
 15    int_search = null,
 16    int_procedure = 'ods_app.qu3_qu3cdw39',
 17    int_status = '1',
 18    int_usr_invocation = '0',
 19    int_usr_validation = null,
 20    int_usr_message = null,
 21    int_lod_type = '*POLL',
 22    int_lod_group = 'FP_QU3'
 23  where int_interface = 'QU3CDW39';

1 row updated.

SQL> 
SQL> update lics_interface
  2  set
  3    int_description = 'Quofore - Wrigley New Zealand - SurveyAnswer',
  4    int_type = '*INBOUND',
  5    int_group = 'IB_QU3',
  6    int_priority = 1,
  7    int_hdr_history = 7,
  8    int_dta_history = 7,
  9    int_fil_path = 'ICS_QU3CDW40',
 10    int_fil_prefix = null,
 11    int_fil_sequence = null,
 12    int_fil_extension = null,
 13    int_opr_alert = null,
 14    int_ema_group = 'group_anz_venus_production_notification@effem.com',
 15    int_search = null,
 16    int_procedure = 'ods_app.qu3_qu3cdw40',
 17    int_status = '1',
 18    int_usr_invocation = '0',
 19    int_usr_validation = null,
 20    int_usr_message = null,
 21    int_lod_type = '*POLL',
 22    int_lod_group = 'FP_QU3'
 23  where int_interface = 'QU3CDW40';

1 row updated.

SQL> 
SQL> update lics_interface
  2  set
  3    int_description = 'Quofore - Wrigley New Zealand - Graveyard',
  4    int_type = '*INBOUND',
  5    int_group = 'IB_QU3',
  6    int_priority = 1,
  7    int_hdr_history = 7,
  8    int_dta_history = 7,
  9    int_fil_path = 'ICS_QU3CDW41',
 10    int_fil_prefix = null,
 11    int_fil_sequence = null,
 12    int_fil_extension = null,
 13    int_opr_alert = null,
 14    int_ema_group = 'group_anz_venus_production_notification@effem.com',
 15    int_search = null,
 16    int_procedure = 'ods_app.qu3_qu3cdw41',
 17    int_status = '1',
 18    int_usr_invocation = '0',
 19    int_usr_validation = null,
 20    int_usr_message = null,
 21    int_lod_type = '*POLL',
 22    int_lod_group = 'FP_QU3'
 23  where int_interface = 'QU3CDW41';

1 row updated.

SQL> 
SQL> update lics_interface
  2  set
  3    int_description = 'Quofore - Wrigley New Zealand - ActivityDetail_HWAuditGroc',
  4    int_type = '*INBOUND',
  5    int_group = 'IB_QU3',
  6    int_priority = 1,
  7    int_hdr_history = 7,
  8    int_dta_history = 7,
  9    int_fil_path = 'ICS_QU3CDW42',
 10    int_fil_prefix = null,
 11    int_fil_sequence = null,
 12    int_fil_extension = null,
 13    int_opr_alert = null,
 14    int_ema_group = 'group_anz_venus_production_notification@effem.com',
 15    int_search = null,
 16    int_procedure = 'ods_app.qu3_qu3cdw42',
 17    int_status = '1',
 18    int_usr_invocation = '0',
 19    int_usr_validation = null,
 20    int_usr_message = null,
 21    int_lod_type = '*POLL',
 22    int_lod_group = 'FP_QU3'
 23  where int_interface = 'QU3CDW42';

1 row updated.

SQL> 
SQL> update lics_interface
  2  set
  3    int_description = 'Quofore - Wrigley New Zealand - ActivityDetail_HardwareAuditRoute',
  4    int_type = '*INBOUND',
  5    int_group = 'IB_QU3',
  6    int_priority = 1,
  7    int_hdr_history = 7,
  8    int_dta_history = 7,
  9    int_fil_path = 'ICS_QU3CDW43',
 10    int_fil_prefix = null,
 11    int_fil_sequence = null,
 12    int_fil_extension = null,
 13    int_opr_alert = null,
 14    int_ema_group = 'group_anz_venus_production_notification@effem.com',
 15    int_search = null,
 16    int_procedure = 'ods_app.qu3_qu3cdw43',
 17    int_status = '1',
 18    int_usr_invocation = '0',
 19    int_usr_validation = null,
 20    int_usr_message = null,
 21    int_lod_type = '*POLL',
 22    int_lod_group = 'FP_QU3'
 23  where int_interface = 'QU3CDW43';

1 row updated.

SQL> 
SQL> update lics_interface
  2  set
  3    int_description = 'Quofore - Wrigley New Zealand - ActivityDetail_StoreOppGrocery',
  4    int_type = '*INBOUND',
  5    int_group = 'IB_QU3',
  6    int_priority = 1,
  7    int_hdr_history = 7,
  8    int_dta_history = 7,
  9    int_fil_path = 'ICS_QU3CDW44',
 10    int_fil_prefix = null,
 11    int_fil_sequence = null,
 12    int_fil_extension = null,
 13    int_opr_alert = null,
 14    int_ema_group = 'group_anz_venus_production_notification@effem.com',
 15    int_search = null,
 16    int_procedure = 'ods_app.qu3_qu3cdw44',
 17    int_status = '1',
 18    int_usr_invocation = '0',
 19    int_usr_validation = null,
 20    int_usr_message = null,
 21    int_lod_type = '*POLL',
 22    int_lod_group = 'FP_QU3'
 23  where int_interface = 'QU3CDW44';

1 row updated.

SQL> 
SQL> update lics_interface
  2  set
  3    int_description = 'Quofore - Wrigley New Zealand - ActivityDetail_StoreOppRoute',
  4    int_type = '*INBOUND',
  5    int_group = 'IB_QU3',
  6    int_priority = 1,
  7    int_hdr_history = 7,
  8    int_dta_history = 7,
  9    int_fil_path = 'ICS_QU3CDW45',
 10    int_fil_prefix = null,
 11    int_fil_sequence = null,
 12    int_fil_extension = null,
 13    int_opr_alert = null,
 14    int_ema_group = 'group_anz_venus_production_notification@effem.com',
 15    int_search = null,
 16    int_procedure = 'ods_app.qu3_qu3cdw45',
 17    int_status = '1',
 18    int_usr_invocation = '0',
 19    int_usr_validation = null,
 20    int_usr_message = null,
 21    int_lod_type = '*POLL',
 22    int_lod_group = 'FP_QU3'
 23  where int_interface = 'QU3CDW45';

1 row updated.

SQL> 
SQL> update lics_interface
  2  set
  3    int_description = 'Quofore - Wrigley New Zealand - ActivityDetail_TopSkuAudit',
  4    int_type = '*INBOUND',
  5    int_group = 'IB_QU3',
  6    int_priority = 1,
  7    int_hdr_history = 7,
  8    int_dta_history = 7,
  9    int_fil_path = 'ICS_QU3CDW46',
 10    int_fil_prefix = null,
 11    int_fil_sequence = null,
 12    int_fil_extension = null,
 13    int_opr_alert = null,
 14    int_ema_group = 'group_anz_venus_production_notification@effem.com',
 15    int_search = null,
 16    int_procedure = 'ods_app.qu3_qu3cdw46',
 17    int_status = '1',
 18    int_usr_invocation = '0',
 19    int_usr_validation = null,
 20    int_usr_message = null,
 21    int_lod_type = '*POLL',
 22    int_lod_group = 'FP_QU3'
 23  where int_interface = 'QU3CDW46';

1 row updated.

SQL> 
SQL> update lics_interface
  2  set
  3    int_description = 'Quofore - Wrigley New Zealand - ActivityDetail_PackagingChgAudit',
  4    int_type = '*INBOUND',
  5    int_group = 'IB_QU3',
  6    int_priority = 1,
  7    int_hdr_history = 7,
  8    int_dta_history = 7,
  9    int_fil_path = 'ICS_QU3CDW47',
 10    int_fil_prefix = null,
 11    int_fil_sequence = null,
 12    int_fil_extension = null,
 13    int_opr_alert = null,
 14    int_ema_group = 'group_anz_venus_production_notification@effem.com',
 15    int_search = null,
 16    int_procedure = 'ods_app.qu3_qu3cdw47',
 17    int_status = '1',
 18    int_usr_invocation = '0',
 19    int_usr_validation = null,
 20    int_usr_message = null,
 21    int_lod_type = '*POLL',
 22    int_lod_group = 'FP_QU3'
 23  where int_interface = 'QU3CDW47';

1 row updated.

SQL> 
SQL> -- updates router
SQL> update lics_interface
  2  set
  3    int_description = 'Quofore - Wrigley New Zealand - Interface *ROUTER',
  4    int_type = '*INBOUND',
  5    int_group = 'IB_QU3',
  6    int_priority = 1,
  7    int_hdr_history = 7,
  8    int_dta_history = 7,
  9    int_fil_path = 'ICS_QU3CDW99',
 10    int_fil_prefix = null,
 11    int_fil_sequence = null,
 12    int_fil_extension = null,
 13    int_opr_alert = null,
 14    int_ema_group = 'group_anz_venus_production_notification@effem.com',
 15    int_search = null,
 16    int_procedure = 'ods_app.qu3_qu3cdw99',
 17    int_status = '1',
 18    int_usr_invocation = '0',
 19    int_usr_validation = null,
 20    int_usr_message = null,
 21    int_lod_type = '*POLL',
 22    int_lod_group = 'FP_QU3'
 23  where int_interface = 'QU3CDW99';

1 row updated.

SQL> 
SQL> commit;

Commit complete.

SQL> 
SQL> 
SQL> --------------------------------------------------------------------------------
SQL> -- Setup LICS Interface Groups
SQL> 
SQL> -- CREATE
SQL> insert into lics_group (gro_group,gro_description) values ('QU3CDW_INBOUND','Quofore - Wrigley New Zealand - Inbound');
insert into lics_group (gro_group,gro_description) values ('QU3CDW_INBOUND','Quofore - Wrigley New Zealand - Inbound')
*
ERROR at line 1:
ORA-00001: unique constraint (LICS.LICS_GROUP_PK) violated 


SQL> 
SQL> commit;

Commit complete.

SQL> 
SQL> -- UPDATE (where already CREATED)
SQL> update lics_group
  2  set gro_description = ,'Quofore - Wrigley New Zealand - Inbound'
  3  where gro_group = 'QU3CDW_INBOUND';
set gro_description = ,'Quofore - Wrigley New Zealand - Inbound'
                      *
ERROR at line 2:
ORA-00936: missing expression 


SQL> 
SQL> commit;

Commit complete.

SQL> 
SQL> -- CREATE / UPDATE
SQL> 
SQL> -- cleanup
SQL> delete from lics_grp_interface
  2  where gri_group = 'QU3CDW_INBOUND';

47 rows deleted.

SQL> 
SQL> -- create entry for interfaces
SQL> insert into lics_grp_interface (gri_group,gri_interface) values ('QU3CDW_INBOUND','QU3CDW00');

1 row created.

SQL> insert into lics_grp_interface (gri_group,gri_interface) values ('QU3CDW_INBOUND','QU3CDW01');

1 row created.

SQL> insert into lics_grp_interface (gri_group,gri_interface) values ('QU3CDW_INBOUND','QU3CDW02');

1 row created.

SQL> insert into lics_grp_interface (gri_group,gri_interface) values ('QU3CDW_INBOUND','QU3CDW03');

1 row created.

SQL> insert into lics_grp_interface (gri_group,gri_interface) values ('QU3CDW_INBOUND','QU3CDW04');

1 row created.

SQL> insert into lics_grp_interface (gri_group,gri_interface) values ('QU3CDW_INBOUND','QU3CDW05');

1 row created.

SQL> insert into lics_grp_interface (gri_group,gri_interface) values ('QU3CDW_INBOUND','QU3CDW06');

1 row created.

SQL> insert into lics_grp_interface (gri_group,gri_interface) values ('QU3CDW_INBOUND','QU3CDW07');

1 row created.

SQL> insert into lics_grp_interface (gri_group,gri_interface) values ('QU3CDW_INBOUND','QU3CDW08');

1 row created.

SQL> insert into lics_grp_interface (gri_group,gri_interface) values ('QU3CDW_INBOUND','QU3CDW09');

1 row created.

SQL> insert into lics_grp_interface (gri_group,gri_interface) values ('QU3CDW_INBOUND','QU3CDW10');

1 row created.

SQL> insert into lics_grp_interface (gri_group,gri_interface) values ('QU3CDW_INBOUND','QU3CDW11');

1 row created.

SQL> insert into lics_grp_interface (gri_group,gri_interface) values ('QU3CDW_INBOUND','QU3CDW12');

1 row created.

SQL> insert into lics_grp_interface (gri_group,gri_interface) values ('QU3CDW_INBOUND','QU3CDW13');

1 row created.

SQL> insert into lics_grp_interface (gri_group,gri_interface) values ('QU3CDW_INBOUND','QU3CDW14');

1 row created.

SQL> insert into lics_grp_interface (gri_group,gri_interface) values ('QU3CDW_INBOUND','QU3CDW15');

1 row created.

SQL> insert into lics_grp_interface (gri_group,gri_interface) values ('QU3CDW_INBOUND','QU3CDW16');

1 row created.

SQL> insert into lics_grp_interface (gri_group,gri_interface) values ('QU3CDW_INBOUND','QU3CDW17');

1 row created.

SQL> insert into lics_grp_interface (gri_group,gri_interface) values ('QU3CDW_INBOUND','QU3CDW18');

1 row created.

SQL> insert into lics_grp_interface (gri_group,gri_interface) values ('QU3CDW_INBOUND','QU3CDW19');

1 row created.

SQL> insert into lics_grp_interface (gri_group,gri_interface) values ('QU3CDW_INBOUND','QU3CDW20');

1 row created.

SQL> insert into lics_grp_interface (gri_group,gri_interface) values ('QU3CDW_INBOUND','QU3CDW21');

1 row created.

SQL> insert into lics_grp_interface (gri_group,gri_interface) values ('QU3CDW_INBOUND','QU3CDW22');

1 row created.

SQL> insert into lics_grp_interface (gri_group,gri_interface) values ('QU3CDW_INBOUND','QU3CDW23');

1 row created.

SQL> insert into lics_grp_interface (gri_group,gri_interface) values ('QU3CDW_INBOUND','QU3CDW24');

1 row created.

SQL> insert into lics_grp_interface (gri_group,gri_interface) values ('QU3CDW_INBOUND','QU3CDW25');

1 row created.

SQL> insert into lics_grp_interface (gri_group,gri_interface) values ('QU3CDW_INBOUND','QU3CDW26');

1 row created.

SQL> insert into lics_grp_interface (gri_group,gri_interface) values ('QU3CDW_INBOUND','QU3CDW27');

1 row created.

SQL> insert into lics_grp_interface (gri_group,gri_interface) values ('QU3CDW_INBOUND','QU3CDW28');

1 row created.

SQL> insert into lics_grp_interface (gri_group,gri_interface) values ('QU3CDW_INBOUND','QU3CDW29');

1 row created.

SQL> insert into lics_grp_interface (gri_group,gri_interface) values ('QU3CDW_INBOUND','QU3CDW30');

1 row created.

SQL> insert into lics_grp_interface (gri_group,gri_interface) values ('QU3CDW_INBOUND','QU3CDW31');

1 row created.

SQL> insert into lics_grp_interface (gri_group,gri_interface) values ('QU3CDW_INBOUND','QU3CDW32');

1 row created.

SQL> insert into lics_grp_interface (gri_group,gri_interface) values ('QU3CDW_INBOUND','QU3CDW33');

1 row created.

SQL> insert into lics_grp_interface (gri_group,gri_interface) values ('QU3CDW_INBOUND','QU3CDW34');

1 row created.

SQL> insert into lics_grp_interface (gri_group,gri_interface) values ('QU3CDW_INBOUND','QU3CDW35');

1 row created.

SQL> insert into lics_grp_interface (gri_group,gri_interface) values ('QU3CDW_INBOUND','QU3CDW36');

1 row created.

SQL> insert into lics_grp_interface (gri_group,gri_interface) values ('QU3CDW_INBOUND','QU3CDW37');

1 row created.

SQL> insert into lics_grp_interface (gri_group,gri_interface) values ('QU3CDW_INBOUND','QU3CDW38');

1 row created.

SQL> insert into lics_grp_interface (gri_group,gri_interface) values ('QU3CDW_INBOUND','QU3CDW39');

1 row created.

SQL> insert into lics_grp_interface (gri_group,gri_interface) values ('QU3CDW_INBOUND','QU3CDW40');

1 row created.

SQL> insert into lics_grp_interface (gri_group,gri_interface) values ('QU3CDW_INBOUND','QU3CDW41');

1 row created.

SQL> insert into lics_grp_interface (gri_group,gri_interface) values ('QU3CDW_INBOUND','QU3CDW42');

1 row created.

SQL> insert into lics_grp_interface (gri_group,gri_interface) values ('QU3CDW_INBOUND','QU3CDW43');

1 row created.

SQL> insert into lics_grp_interface (gri_group,gri_interface) values ('QU3CDW_INBOUND','QU3CDW44');

1 row created.

SQL> insert into lics_grp_interface (gri_group,gri_interface) values ('QU3CDW_INBOUND','QU3CDW45');

1 row created.

SQL> insert into lics_grp_interface (gri_group,gri_interface) values ('QU3CDW_INBOUND','QU3CDW46');

1 row created.

SQL> insert into lics_grp_interface (gri_group,gri_interface) values ('QU3CDW_INBOUND','QU3CDW47');

1 row created.

SQL> 
SQL> -- create entry for router
SQL> insert into lics_grp_interface (gri_group,gri_interface) values ('QU3CDW_INBOUND','QU3CDW99');

1 row created.

SQL> 
SQL> commit;

Commit complete.

SQL> 
SQL> --------------------------------------------------------------------------------
SQL> -- Create Directories
SQL> begin
  2    lics_directory.create_directory('ICS_QU3CDW00', '/ics/cdw/prod/inbound/qu3cdw00');
  3    lics_directory.create_directory('ICS_QU3CDW01', '/ics/cdw/prod/inbound/qu3cdw01');
  4    lics_directory.create_directory('ICS_QU3CDW02', '/ics/cdw/prod/inbound/qu3cdw02');
  5    lics_directory.create_directory('ICS_QU3CDW03', '/ics/cdw/prod/inbound/qu3cdw03');
  6    lics_directory.create_directory('ICS_QU3CDW04', '/ics/cdw/prod/inbound/qu3cdw04');
  7    lics_directory.create_directory('ICS_QU3CDW05', '/ics/cdw/prod/inbound/qu3cdw05');
  8    lics_directory.create_directory('ICS_QU3CDW06', '/ics/cdw/prod/inbound/qu3cdw06');
  9    lics_directory.create_directory('ICS_QU3CDW07', '/ics/cdw/prod/inbound/qu3cdw07');
 10    lics_directory.create_directory('ICS_QU3CDW08', '/ics/cdw/prod/inbound/qu3cdw08');
 11    lics_directory.create_directory('ICS_QU3CDW09', '/ics/cdw/prod/inbound/qu3cdw09');
 12    lics_directory.create_directory('ICS_QU3CDW10', '/ics/cdw/prod/inbound/qu3cdw10');
 13    lics_directory.create_directory('ICS_QU3CDW11', '/ics/cdw/prod/inbound/qu3cdw11');
 14    lics_directory.create_directory('ICS_QU3CDW12', '/ics/cdw/prod/inbound/qu3cdw12');
 15    lics_directory.create_directory('ICS_QU3CDW13', '/ics/cdw/prod/inbound/qu3cdw13');
 16    lics_directory.create_directory('ICS_QU3CDW14', '/ics/cdw/prod/inbound/qu3cdw14');
 17    lics_directory.create_directory('ICS_QU3CDW15', '/ics/cdw/prod/inbound/qu3cdw15');
 18    lics_directory.create_directory('ICS_QU3CDW16', '/ics/cdw/prod/inbound/qu3cdw16');
 19    lics_directory.create_directory('ICS_QU3CDW17', '/ics/cdw/prod/inbound/qu3cdw17');
 20    lics_directory.create_directory('ICS_QU3CDW18', '/ics/cdw/prod/inbound/qu3cdw18');
 21    lics_directory.create_directory('ICS_QU3CDW19', '/ics/cdw/prod/inbound/qu3cdw19');
 22    lics_directory.create_directory('ICS_QU3CDW20', '/ics/cdw/prod/inbound/qu3cdw20');
 23    lics_directory.create_directory('ICS_QU3CDW21', '/ics/cdw/prod/inbound/qu3cdw21');
 24    lics_directory.create_directory('ICS_QU3CDW22', '/ics/cdw/prod/inbound/qu3cdw22');
 25    lics_directory.create_directory('ICS_QU3CDW23', '/ics/cdw/prod/inbound/qu3cdw23');
 26    lics_directory.create_directory('ICS_QU3CDW24', '/ics/cdw/prod/inbound/qu3cdw24');
 27    lics_directory.create_directory('ICS_QU3CDW25', '/ics/cdw/prod/inbound/qu3cdw25');
 28    lics_directory.create_directory('ICS_QU3CDW26', '/ics/cdw/prod/inbound/qu3cdw26');
 29    lics_directory.create_directory('ICS_QU3CDW27', '/ics/cdw/prod/inbound/qu3cdw27');
 30    lics_directory.create_directory('ICS_QU3CDW28', '/ics/cdw/prod/inbound/qu3cdw28');
 31    lics_directory.create_directory('ICS_QU3CDW29', '/ics/cdw/prod/inbound/qu3cdw29');
 32    lics_directory.create_directory('ICS_QU3CDW30', '/ics/cdw/prod/inbound/qu3cdw30');
 33    lics_directory.create_directory('ICS_QU3CDW31', '/ics/cdw/prod/inbound/qu3cdw31');
 34    lics_directory.create_directory('ICS_QU3CDW32', '/ics/cdw/prod/inbound/qu3cdw32');
 35    lics_directory.create_directory('ICS_QU3CDW33', '/ics/cdw/prod/inbound/qu3cdw33');
 36    lics_directory.create_directory('ICS_QU3CDW34', '/ics/cdw/prod/inbound/qu3cdw34');
 37    lics_directory.create_directory('ICS_QU3CDW35', '/ics/cdw/prod/inbound/qu3cdw35');
 38    lics_directory.create_directory('ICS_QU3CDW36', '/ics/cdw/prod/inbound/qu3cdw36');
 39    lics_directory.create_directory('ICS_QU3CDW37', '/ics/cdw/prod/inbound/qu3cdw37');
 40    lics_directory.create_directory('ICS_QU3CDW38', '/ics/cdw/prod/inbound/qu3cdw38');
 41    lics_directory.create_directory('ICS_QU3CDW39', '/ics/cdw/prod/inbound/qu3cdw39');
 42    lics_directory.create_directory('ICS_QU3CDW40', '/ics/cdw/prod/inbound/qu3cdw40');
 43    lics_directory.create_directory('ICS_QU3CDW41', '/ics/cdw/prod/inbound/qu3cdw41');
 44    lics_directory.create_directory('ICS_QU3CDW42', '/ics/cdw/prod/inbound/qu3cdw42');
 45    lics_directory.create_directory('ICS_QU3CDW43', '/ics/cdw/prod/inbound/qu3cdw43');
 46    lics_directory.create_directory('ICS_QU3CDW44', '/ics/cdw/prod/inbound/qu3cdw44');
 47    lics_directory.create_directory('ICS_QU3CDW45', '/ics/cdw/prod/inbound/qu3cdw45');
 48    lics_directory.create_directory('ICS_QU3CDW46', '/ics/cdw/prod/inbound/qu3cdw46');
 49    lics_directory.create_directory('ICS_QU3CDW47', '/ics/cdw/prod/inbound/qu3cdw47');
 50    lics_directory.create_directory('ICS_QU3CDW99', '/ics/cdw/prod/inbound/qu3cdw99');
 51  end;
 52  /

PL/SQL procedure successfully completed.

SQL> 
SQL> --------------------------------------------------------------------------------
SQL> -- Set Directory Permissions
SQL> begin
  2    lics_filesystem.execute_external_procedure('/bin/chmod 777 /ics/cdw/prod/inbound/qu3cdw00');
  3    lics_filesystem.execute_external_procedure('/bin/chmod 777 /ics/cdw/prod/inbound/qu3cdw01');
  4    lics_filesystem.execute_external_procedure('/bin/chmod 777 /ics/cdw/prod/inbound/qu3cdw02');
  5    lics_filesystem.execute_external_procedure('/bin/chmod 777 /ics/cdw/prod/inbound/qu3cdw03');
  6    lics_filesystem.execute_external_procedure('/bin/chmod 777 /ics/cdw/prod/inbound/qu3cdw04');
  7    lics_filesystem.execute_external_procedure('/bin/chmod 777 /ics/cdw/prod/inbound/qu3cdw05');
  8    lics_filesystem.execute_external_procedure('/bin/chmod 777 /ics/cdw/prod/inbound/qu3cdw06');
  9    lics_filesystem.execute_external_procedure('/bin/chmod 777 /ics/cdw/prod/inbound/qu3cdw07');
 10    lics_filesystem.execute_external_procedure('/bin/chmod 777 /ics/cdw/prod/inbound/qu3cdw08');
 11    lics_filesystem.execute_external_procedure('/bin/chmod 777 /ics/cdw/prod/inbound/qu3cdw09');
 12    lics_filesystem.execute_external_procedure('/bin/chmod 777 /ics/cdw/prod/inbound/qu3cdw10');
 13    lics_filesystem.execute_external_procedure('/bin/chmod 777 /ics/cdw/prod/inbound/qu3cdw11');
 14    lics_filesystem.execute_external_procedure('/bin/chmod 777 /ics/cdw/prod/inbound/qu3cdw12');
 15    lics_filesystem.execute_external_procedure('/bin/chmod 777 /ics/cdw/prod/inbound/qu3cdw13');
 16    lics_filesystem.execute_external_procedure('/bin/chmod 777 /ics/cdw/prod/inbound/qu3cdw14');
 17    lics_filesystem.execute_external_procedure('/bin/chmod 777 /ics/cdw/prod/inbound/qu3cdw15');
 18    lics_filesystem.execute_external_procedure('/bin/chmod 777 /ics/cdw/prod/inbound/qu3cdw16');
 19    lics_filesystem.execute_external_procedure('/bin/chmod 777 /ics/cdw/prod/inbound/qu3cdw17');
 20    lics_filesystem.execute_external_procedure('/bin/chmod 777 /ics/cdw/prod/inbound/qu3cdw18');
 21    lics_filesystem.execute_external_procedure('/bin/chmod 777 /ics/cdw/prod/inbound/qu3cdw19');
 22    lics_filesystem.execute_external_procedure('/bin/chmod 777 /ics/cdw/prod/inbound/qu3cdw20');
 23    lics_filesystem.execute_external_procedure('/bin/chmod 777 /ics/cdw/prod/inbound/qu3cdw21');
 24    lics_filesystem.execute_external_procedure('/bin/chmod 777 /ics/cdw/prod/inbound/qu3cdw22');
 25    lics_filesystem.execute_external_procedure('/bin/chmod 777 /ics/cdw/prod/inbound/qu3cdw23');
 26    lics_filesystem.execute_external_procedure('/bin/chmod 777 /ics/cdw/prod/inbound/qu3cdw24');
 27    lics_filesystem.execute_external_procedure('/bin/chmod 777 /ics/cdw/prod/inbound/qu3cdw25');
 28    lics_filesystem.execute_external_procedure('/bin/chmod 777 /ics/cdw/prod/inbound/qu3cdw26');
 29    lics_filesystem.execute_external_procedure('/bin/chmod 777 /ics/cdw/prod/inbound/qu3cdw27');
 30    lics_filesystem.execute_external_procedure('/bin/chmod 777 /ics/cdw/prod/inbound/qu3cdw28');
 31    lics_filesystem.execute_external_procedure('/bin/chmod 777 /ics/cdw/prod/inbound/qu3cdw29');
 32    lics_filesystem.execute_external_procedure('/bin/chmod 777 /ics/cdw/prod/inbound/qu3cdw30');
 33    lics_filesystem.execute_external_procedure('/bin/chmod 777 /ics/cdw/prod/inbound/qu3cdw31');
 34    lics_filesystem.execute_external_procedure('/bin/chmod 777 /ics/cdw/prod/inbound/qu3cdw32');
 35    lics_filesystem.execute_external_procedure('/bin/chmod 777 /ics/cdw/prod/inbound/qu3cdw33');
 36    lics_filesystem.execute_external_procedure('/bin/chmod 777 /ics/cdw/prod/inbound/qu3cdw34');
 37    lics_filesystem.execute_external_procedure('/bin/chmod 777 /ics/cdw/prod/inbound/qu3cdw35');
 38    lics_filesystem.execute_external_procedure('/bin/chmod 777 /ics/cdw/prod/inbound/qu3cdw36');
 39    lics_filesystem.execute_external_procedure('/bin/chmod 777 /ics/cdw/prod/inbound/qu3cdw37');
 40    lics_filesystem.execute_external_procedure('/bin/chmod 777 /ics/cdw/prod/inbound/qu3cdw38');
 41    lics_filesystem.execute_external_procedure('/bin/chmod 777 /ics/cdw/prod/inbound/qu3cdw39');
 42    lics_filesystem.execute_external_procedure('/bin/chmod 777 /ics/cdw/prod/inbound/qu3cdw40');
 43    lics_filesystem.execute_external_procedure('/bin/chmod 777 /ics/cdw/prod/inbound/qu3cdw41');
 44    lics_filesystem.execute_external_procedure('/bin/chmod 777 /ics/cdw/prod/inbound/qu3cdw42');
 45    lics_filesystem.execute_external_procedure('/bin/chmod 777 /ics/cdw/prod/inbound/qu3cdw43');
 46    lics_filesystem.execute_external_procedure('/bin/chmod 777 /ics/cdw/prod/inbound/qu3cdw44');
 47    lics_filesystem.execute_external_procedure('/bin/chmod 777 /ics/cdw/prod/inbound/qu3cdw45');
 48    lics_filesystem.execute_external_procedure('/bin/chmod 777 /ics/cdw/prod/inbound/qu3cdw46');
 49    lics_filesystem.execute_external_procedure('/bin/chmod 777 /ics/cdw/prod/inbound/qu3cdw47');
 50    lics_filesystem.execute_external_procedure('/bin/chmod 777 /ics/cdw/prod/inbound/qu3cdw99');
 51  end;
 52  /

PL/SQL procedure successfully completed.

SQL> 
SQL> --------------------------------------------------------------------------------
SQL> -- Log Off
SQL> spool off
